Archive member included to satisfy reference by file (symbol)

c:/users/vieil/appdata/local/arduino15/packages/seeeduino/tools/arm-none-eabi-gcc/7-2017q4/bin/../lib/gcc/arm-none-eabi/7.2.1/../../../../arm-none-eabi/lib/thumb/v6-m\libm.a(lib_a-s_cos.o)
                              C:\Users\Vieil\Documents\GitHub\SEEEDIUNO_XIAO_AUDIO_SPECTRUM_ANALYZER\build\libraries\arduinoFFT\arduinoFFT.cpp.o (cos)
c:/users/vieil/appdata/local/arduino15/packages/seeeduino/tools/arm-none-eabi-gcc/7-2017q4/bin/../lib/gcc/arm-none-eabi/7.2.1/../../../../arm-none-eabi/lib/thumb/v6-m\libm.a(lib_a-w_sqrt.o)
                              C:\Users\Vieil\Documents\GitHub\SEEEDIUNO_XIAO_AUDIO_SPECTRUM_ANALYZER\build\libraries\arduinoFFT\arduinoFFT.cpp.o (sqrt)
c:/users/vieil/appdata/local/arduino15/packages/seeeduino/tools/arm-none-eabi-gcc/7-2017q4/bin/../lib/gcc/arm-none-eabi/7.2.1/../../../../arm-none-eabi/lib/thumb/v6-m\libm.a(lib_a-e_rem_pio2.o)
                              c:/users/vieil/appdata/local/arduino15/packages/seeeduino/tools/arm-none-eabi-gcc/7-2017q4/bin/../lib/gcc/arm-none-eabi/7.2.1/../../../../arm-none-eabi/lib/thumb/v6-m\libm.a(lib_a-s_cos.o) (__ieee754_rem_pio2)
c:/users/vieil/appdata/local/arduino15/packages/seeeduino/tools/arm-none-eabi-gcc/7-2017q4/bin/../lib/gcc/arm-none-eabi/7.2.1/../../../../arm-none-eabi/lib/thumb/v6-m\libm.a(lib_a-e_sqrt.o)
                              c:/users/vieil/appdata/local/arduino15/packages/seeeduino/tools/arm-none-eabi-gcc/7-2017q4/bin/../lib/gcc/arm-none-eabi/7.2.1/../../../../arm-none-eabi/lib/thumb/v6-m\libm.a(lib_a-w_sqrt.o) (__ieee754_sqrt)
c:/users/vieil/appdata/local/arduino15/packages/seeeduino/tools/arm-none-eabi-gcc/7-2017q4/bin/../lib/gcc/arm-none-eabi/7.2.1/../../../../arm-none-eabi/lib/thumb/v6-m\libm.a(lib_a-k_cos.o)
                              c:/users/vieil/appdata/local/arduino15/packages/seeeduino/tools/arm-none-eabi-gcc/7-2017q4/bin/../lib/gcc/arm-none-eabi/7.2.1/../../../../arm-none-eabi/lib/thumb/v6-m\libm.a(lib_a-s_cos.o) (__kernel_cos)
c:/users/vieil/appdata/local/arduino15/packages/seeeduino/tools/arm-none-eabi-gcc/7-2017q4/bin/../lib/gcc/arm-none-eabi/7.2.1/../../../../arm-none-eabi/lib/thumb/v6-m\libm.a(lib_a-k_rem_pio2.o)
                              c:/users/vieil/appdata/local/arduino15/packages/seeeduino/tools/arm-none-eabi-gcc/7-2017q4/bin/../lib/gcc/arm-none-eabi/7.2.1/../../../../arm-none-eabi/lib/thumb/v6-m\libm.a(lib_a-e_rem_pio2.o) (__kernel_rem_pio2)
c:/users/vieil/appdata/local/arduino15/packages/seeeduino/tools/arm-none-eabi-gcc/7-2017q4/bin/../lib/gcc/arm-none-eabi/7.2.1/../../../../arm-none-eabi/lib/thumb/v6-m\libm.a(lib_a-k_sin.o)
                              c:/users/vieil/appdata/local/arduino15/packages/seeeduino/tools/arm-none-eabi-gcc/7-2017q4/bin/../lib/gcc/arm-none-eabi/7.2.1/../../../../arm-none-eabi/lib/thumb/v6-m\libm.a(lib_a-s_cos.o) (__kernel_sin)
c:/users/vieil/appdata/local/arduino15/packages/seeeduino/tools/arm-none-eabi-gcc/7-2017q4/bin/../lib/gcc/arm-none-eabi/7.2.1/../../../../arm-none-eabi/lib/thumb/v6-m\libm.a(lib_a-s_fabs.o)
                              c:/users/vieil/appdata/local/arduino15/packages/seeeduino/tools/arm-none-eabi-gcc/7-2017q4/bin/../lib/gcc/arm-none-eabi/7.2.1/../../../../arm-none-eabi/lib/thumb/v6-m\libm.a(lib_a-e_rem_pio2.o) (fabs)
c:/users/vieil/appdata/local/arduino15/packages/seeeduino/tools/arm-none-eabi-gcc/7-2017q4/bin/../lib/gcc/arm-none-eabi/7.2.1/../../../../arm-none-eabi/lib/thumb/v6-m\libm.a(lib_a-s_floor.o)
                              c:/users/vieil/appdata/local/arduino15/packages/seeeduino/tools/arm-none-eabi-gcc/7-2017q4/bin/../lib/gcc/arm-none-eabi/7.2.1/../../../../arm-none-eabi/lib/thumb/v6-m\libm.a(lib_a-k_rem_pio2.o) (floor)
c:/users/vieil/appdata/local/arduino15/packages/seeeduino/tools/arm-none-eabi-gcc/7-2017q4/bin/../lib/gcc/arm-none-eabi/7.2.1/../../../../arm-none-eabi/lib/thumb/v6-m\libm.a(lib_a-s_lib_ver.o)
                              c:/users/vieil/appdata/local/arduino15/packages/seeeduino/tools/arm-none-eabi-gcc/7-2017q4/bin/../lib/gcc/arm-none-eabi/7.2.1/../../../../arm-none-eabi/lib/thumb/v6-m\libm.a(lib_a-w_sqrt.o) (__fdlib_version)
c:/users/vieil/appdata/local/arduino15/packages/seeeduino/tools/arm-none-eabi-gcc/7-2017q4/bin/../lib/gcc/arm-none-eabi/7.2.1/../../../../arm-none-eabi/lib/thumb/v6-m\libm.a(lib_a-s_matherr.o)
                              c:/users/vieil/appdata/local/arduino15/packages/seeeduino/tools/arm-none-eabi-gcc/7-2017q4/bin/../lib/gcc/arm-none-eabi/7.2.1/../../../../arm-none-eabi/lib/thumb/v6-m\libm.a(lib_a-w_sqrt.o) (matherr)
c:/users/vieil/appdata/local/arduino15/packages/seeeduino/tools/arm-none-eabi-gcc/7-2017q4/bin/../lib/gcc/arm-none-eabi/7.2.1/../../../../arm-none-eabi/lib/thumb/v6-m\libm.a(lib_a-s_scalbn.o)
[...]
Memory Configuration

Name             Origin             Length             Attributes
FLASH            0x00002000         0x0003e000         xr
RAM              0x20000000         0x00008000         xrw
*default*        0x00000000         0xffffffff

Linker script and memory map

LOAD c:/users/vieil/appdata/local/arduino15/packages/seeeduino/tools/arm-none-eabi-gcc/7-2017q4/bin/../lib/gcc/arm-none-eabi/7.2.1/thumb/v6-m/crti.o
LOAD c:/users/vieil/appdata/local/arduino15/packages/seeeduino/tools/arm-none-eabi-gcc/7-2017q4/bin/../lib/gcc/arm-none-eabi/7.2.1/thumb/v6-m/crtbegin.o
LOAD c:/users/vieil/appdata/local/arduino15/packages/seeeduino/tools/arm-none-eabi-gcc/7-2017q4/bin/../lib/gcc/arm-none-eabi/7.2.1/../../../../arm-none-eabi/lib/thumb/v6-m/crt0.o
LOAD C:\Users\Vieil\Documents\GitHub\SEEEDIUNO_XIAO_AUDIO_SPECTRUM_ANALYZER\build\sketch\SEEEDIUNO_XIAO_AUDIO_SPECTRUM_ANALYZER.ino.cpp.o
LOAD C:\Users\Vieil\Documents\GitHub\SEEEDIUNO_XIAO_AUDIO_SPECTRUM_ANALYZER\build\libraries\arduinoFFT\arduinoFFT.cpp.o
LOAD C:\Users\Vieil\Documents\GitHub\SEEEDIUNO_XIAO_AUDIO_SPECTRUM_ANALYZER\build\libraries\SoftwareSerial\SoftwareSerial.cpp.o
LOAD C:\Users\Vieil\Documents\GitHub\SEEEDIUNO_XIAO_AUDIO_SPECTRUM_ANALYZER\build\libraries\SPI\SPI.cpp.o
LOAD C:\Users\Vieil\Documents\GitHub\SEEEDIUNO_XIAO_AUDIO_SPECTRUM_ANALYZER\build\libraries\Adafruit_ZeroDMA\Adafruit_ZeroDMA.cpp.o
LOAD C:\Users\Vieil\Documents\GitHub\SEEEDIUNO_XIAO_AUDIO_SPECTRUM_ANALYZER\build\libraries\Adafruit_GFX_Library\Adafruit_GFX.cpp.o
LOAD C:\Users\Vieil\Documents\GitHub\SEEEDIUNO_XIAO_AUDIO_SPECTRUM_ANALYZER\build\libraries\Adafruit_GFX_Library\Adafruit_GrayOLED.cpp.o
LOAD C:\Users\Vieil\Documents\GitHub\SEEEDIUNO_XIAO_AUDIO_SPECTRUM_ANALYZER\build\libraries\Adafruit_GFX_Library\Adafruit_SPITFT.cpp.o
LOAD C:\Users\Vieil\Documents\GitHub\SEEEDIUNO_XIAO_AUDIO_SPECTRUM_ANALYZER\build\libraries\Adafruit_GFX_Library\glcdfont.c.o
LOAD C:\Users\Vieil\Documents\GitHub\SEEEDIUNO_XIAO_AUDIO_SPECTRUM_ANALYZER\build\libraries\Adafruit_BusIO\Adafruit_BusIO_Register.cpp.o
LOAD C:\Users\Vieil\Documents\GitHub\SEEEDIUNO_XIAO_AUDIO_SPECTRUM_ANALYZER\build\libraries\Adafruit_BusIO\Adafruit_I2CDevice.cpp.o
LOAD C:\Users\Vieil\Documents\GitHub\SEEEDIUNO_XIAO_AUDIO_SPECTRUM_ANALYZER\build\libraries\Adafruit_BusIO\Adafruit_SPIDevice.cpp.o
LOAD C:\Users\Vieil\Documents\GitHub\SEEEDIUNO_XIAO_AUDIO_SPECTRUM_ANALYZER\build\libraries\Wire\Wire.cpp.o
LOAD C:\Users\Vieil\Documents\GitHub\SEEEDIUNO_XIAO_AUDIO_SPECTRUM_ANALYZER\build\libraries\ILI9488-master\ILI9488.cpp.o
LOAD C:\Users\Vieil\Documents\GitHub\SEEEDIUNO_XIAO_AUDIO_SPECTRUM_ANALYZER\build\core\variant.cpp.o
START GROUP
LOAD C:\Users\Vieil\AppData\Local\Arduino15\packages\Seeeduino\tools\CMSIS\5.7.0/CMSIS/DSP/Lib/GCC/\libarm_cortexM0l_math.a
LOAD c:/users/vieil/appdata/local/arduino15/packages/seeeduino/tools/arm-none-eabi-gcc/7-2017q4/bin/../lib/gcc/arm-none-eabi/7.2.1/../../../../arm-none-eabi/lib/thumb/v6-m\libm.a
LOAD C:\Users\Vieil\Documents\GitHub\SEEEDIUNO_XIAO_AUDIO_SPECTRUM_ANALYZER\build/..\..\..\..\AppData\Local\Temp\arduino\cores\465d55e7143468930a26563b9cbc6484\core.a
END GROUP
LOAD c:/users/vieil/appdata/local/arduino15/packages/seeeduino/tools/arm-none-eabi-gcc/7-2017q4/bin/../lib/gcc/arm-none-eabi/7.2.1/../../../../arm-none-eabi/lib/thumb/v6-m\libstdc++_nano.a
LOAD c:/users/vieil/appdata/local/arduino15/packages/seeeduino/tools/arm-none-eabi-gcc/7-2017q4/bin/../lib/gcc/arm-none-eabi/7.2.1/../../../../arm-none-eabi/lib/thumb/v6-m\libm.a
START GROUP
LOAD c:/users/vieil/appdata/local/arduino15/packages/seeeduino/tools/arm-none-eabi-gcc/7-2017q4/bin/../lib/gcc/arm-none-eabi/7.2.1/thumb/v6-m\libgcc.a
LOAD c:/users/vieil/appdata/local/arduino15/packages/seeeduino/tools/arm-none-eabi-gcc/7-2017q4/bin/../lib/gcc/arm-none-eabi/7.2.1/../../../../arm-none-eabi/lib/thumb/v6-m\libc_nano.a
END GROUP
START GROUP
LOAD c:/users/vieil/appdata/local/arduino15/packages/seeeduino/tools/arm-none-eabi-gcc/7-2017q4/bin/../lib/gcc/arm-none-eabi/7.2.1/thumb/v6-m\libgcc.a
LOAD c:/users/vieil/appdata/local/arduino15/packages/seeeduino/tools/arm-none-eabi-gcc/7-2017q4/bin/../lib/gcc/arm-none-eabi/7.2.1/../../../../arm-none-eabi/lib/thumb/v6-m\libc_nano.a
LOAD c:/users/vieil/appdata/local/arduino15/packages/seeeduino/tools/arm-none-eabi-gcc/7-2017q4/bin/../lib/gcc/arm-none-eabi/7.2.1/../../../../arm-none-eabi/lib/thumb/v6-m\libnosys.a
END GROUP
START GROUP
LOAD c:/users/vieil/appdata/local/arduino15/packages/seeeduino/tools/arm-none-eabi-gcc/7-2017q4/bin/../lib/gcc/arm-none-eabi/7.2.1/thumb/v6-m\libgcc.a
LOAD c:/users/vieil/appdata/local/arduino15/packages/seeeduino/tools/arm-none-eabi-gcc/7-2017q4/bin/../lib/gcc/arm-none-eabi/7.2.1/../../../../arm-none-eabi/lib/thumb/v6-m\libc_nano.a
LOAD c:/users/vieil/appdata/local/arduino15/packages/seeeduino/tools/arm-none-eabi-gcc/7-2017q4/bin/../lib/gcc/arm-none-eabi/7.2.1/../../../../arm-none-eabi/lib/thumb/v6-m\libnosys.a
END GROUP
LOAD c:/users/vieil/appdata/local/arduino15/packages/seeeduino/tools/arm-none-eabi-gcc/7-2017q4/bin/../lib/gcc/arm-none-eabi/7.2.1/thumb/v6-m/crtend.o
LOAD c:/users/vieil/appdata/local/arduino15/packages/seeeduino/tools/arm-none-eabi-gcc/7-2017q4/bin/../lib/gcc/arm-none-eabi/7.2.1/thumb/v6-m/crtn.o

.text           0x00002000     0xd770
                0x00002000                __text_start__ = .
 *(.isr_vector)
 .isr_vector    0x00002000       0xb4 C:\Users\Vieil\Documents\GitHub\SEEEDIUNO_XIAO_AUDIO_SPECTRUM_ANALYZER\build/..\..\..\..\AppData\Local\Temp\arduino\cores\465d55e7143468930a26563b9cbc6484\core.a(cortex_handlers.c.o)
                0x00002000                exception_table
 *(.text*)
 .text          0x000020b4       0x48 c:/users/vieil/appdata/local/arduino15/packages/seeeduino/tools/arm-none-eabi-gcc/7-2017q4/bin/../lib/gcc/arm-none-eabi/7.2.1/thumb/v6-m/crtbegin.o
 .text.startup._GLOBAL__sub_I_Index_Freq_value_Data
                0x000020fc       0x94 C:\Users\Vieil\Documents\GitHub\SEEEDIUNO_XIAO_AUDIO_SPECTRUM_ANALYZER\build\sketch\SEEEDIUNO_XIAO_AUDIO_SPECTRUM_ANALYZER.ino.cpp.o
 .text.loop     0x00002190      0x3b4 C:\Users\Vieil\Documents\GitHub\SEEEDIUNO_XIAO_AUDIO_SPECTRUM_ANALYZER\build\sketch\SEEEDIUNO_XIAO_AUDIO_SPECTRUM_ANALYZER.ino.cpp.o
                0x00002190                loop
 .text._Z13PageDemarragev
                0x00002544       0x78 C:\Users\Vieil\Documents\GitHub\SEEEDIUNO_XIAO_AUDIO_SPECTRUM_ANALYZER\build\sketch\SEEEDIUNO_XIAO_AUDIO_SPECTRUM_ANALYZER.ino.cpp.o
                0x00002544                PageDemarrage()
 .text.setup    0x000025bc      0x154 C:\Users\Vieil\Documents\GitHub\SEEEDIUNO_XIAO_AUDIO_SPECTRUM_ANALYZER\build\sketch\SEEEDIUNO_XIAO_AUDIO_SPECTRUM_ANALYZER.ino.cpp.o
                0x000025bc                setup
 .text._ZN10arduinoFFTC2Ev
                0x00002710        0x2 C:\Users\Vieil\Documents\GitHub\SEEEDIUNO_XIAO_AUDIO_SPECTRUM_ANALYZER\build\libraries\arduinoFFT\arduinoFFT.cpp.o
                0x00002710                arduinoFFT::arduinoFFT()
                0x00002710                arduinoFFT::arduinoFFT()
 .text._ZN10arduinoFFTD2Ev
                0x00002712        0x2 C:\Users\Vieil\Documents\GitHub\SEEEDIUNO_XIAO_AUDIO_SPECTRUM_ANALYZER\build\libraries\arduinoFFT\arduinoFFT.cpp.o
                0x00002712                arduinoFFT::~arduinoFFT()
                0x00002712                arduinoFFT::~arduinoFFT()
 .text._ZN10arduinoFFT7ComputeEPdS0_th12FFTDirection
                0x00002714      0x2b0 C:\Users\Vieil\Documents\GitHub\SEEEDIUNO_XIAO_AUDIO_SPECTRUM_ANALYZER\build\libraries\arduinoFFT\arduinoFFT.cpp.o
                0x00002714                arduinoFFT::Compute(double*, double*, unsigned short, unsigned char, FFTDirection)
 .text._ZN10arduinoFFT7ComputeEPdS0_t12FFTDirection
                0x000029c4       0x20 C:\Users\Vieil\Documents\GitHub\SEEEDIUNO_XIAO_AUDIO_SPECTRUM_ANALYZER\build\libraries\arduinoFFT\arduinoFFT.cpp.o
                0x000029c4                arduinoFFT::Compute(double*, double*, unsigned short, FFTDirection)
 .text._ZN10arduinoFFT18ComplexToMagnitudeEPdS0_t
                0x000029e4       0x4a C:\Users\Vieil\Documents\GitHub\SEEEDIUNO_XIAO_AUDIO_SPECTRUM_ANALYZER\build\libraries\arduinoFFT\arduinoFFT.cpp.o
                0x000029e4                arduinoFFT::ComplexToMagnitude(double*, double*, unsigned short)
 *fill*         0x00002a2e        0x2 
 .text._ZN10arduinoFFT9WindowingEPdt9FFTWindow12FFTDirection
                0x00002a30      0x480 C:\Users\Vieil\Documents\GitHub\SEEEDIUNO_XIAO_AUDIO_SPECTRUM_ANALYZER\build\libraries\arduinoFFT\arduinoFFT.cpp.o
                0x00002a30                arduinoFFT::Windowing(double*, unsigned short, FFTWindow, FFTDirection)
 .text._ZN5Print17availableForWriteEv
                0x00002eb0        0x4 C:\Users\Vieil\Documents\GitHub\SEEEDIUNO_XIAO_AUDIO_SPECTRUM_ANALYZER\build\libraries\SoftwareSerial\SoftwareSerial.cpp.o
                0x00002eb0                Print::availableForWrite()
 .text._ZN8SPIClassC2EP6SERCOMhhh14SercomSpiTXPad11SercomRXPad
                0x00002eb4       0x74 C:\Users\Vieil\Documents\GitHub\SEEEDIUNO_XIAO_AUDIO_SPECTRUM_ANALYZER\build\libraries\SPI\SPI.cpp.o
                0x00002eb4                SPIClass::SPIClass(SERCOM*, unsigned char, unsigned char, unsigned char, SercomSpiTXPad, SercomRXPad)
                0x00002eb4                SPIClass::SPIClass(SERCOM*, unsigned char, unsigned char, unsigned char, SercomSpiTXPad, SercomRXPad)
 .text._ZN8SPIClass4initEv
                0x00002f28       0x12 C:\Users\Vieil\Documents\GitHub\SEEEDIUNO_XIAO_AUDIO_SPECTRUM_ANALYZER\build\libraries\SPI\SPI.cpp.o
                0x00002f28                SPIClass::init()
 .text._ZN8SPIClass6configE11SPISettings
                0x00002f3a       0x36 C:\Users\Vieil\Documents\GitHub\SEEEDIUNO_XIAO_AUDIO_SPECTRUM_ANALYZER\build\libraries\SPI\SPI.cpp.o
                0x00002f3a                SPIClass::config(SPISettings)
 .text._ZN8SPIClass5beginEv
                0x00002f70       0x50 C:\Users\Vieil\Documents\GitHub\SEEEDIUNO_XIAO_AUDIO_SPECTRUM_ANALYZER\build\libraries\SPI\SPI.cpp.o
                0x00002f70                SPIClass::begin()
 .text._ZN8SPIClass16beginTransactionE11SPISettings
                0x00002fc0       0x38 C:\Users\Vieil\Documents\GitHub\SEEEDIUNO_XIAO_AUDIO_SPECTRUM_ANALYZER\build\libraries\SPI\SPI.cpp.o
                0x00002fc0                SPIClass::beginTransaction(SPISettings)
 .text._ZN8SPIClass14endTransactionEv
                0x00002ff8       0x28 C:\Users\Vieil\Documents\GitHub\SEEEDIUNO_XIAO_AUDIO_SPECTRUM_ANALYZER\build\libraries\SPI\SPI.cpp.o
                0x00002ff8                SPIClass::endTransaction()
 .text._ZN8SPIClass8transferEh
                0x00003020        0xa C:\Users\Vieil\Documents\GitHub\SEEEDIUNO_XIAO_AUDIO_SPECTRUM_ANALYZER\build\libraries\SPI\SPI.cpp.o
                0x00003020                SPIClass::transfer(unsigned char)
 *fill*         0x0000302a        0x2 
 .text.startup._GLOBAL__sub_I__ZN8SPIClassC2EP6SERCOMhhh14SercomSpiTXPad11SercomRXPad
                0x0000302c       0x38 C:\Users\Vieil\Documents\GitHub\SEEEDIUNO_XIAO_AUDIO_SPECTRUM_ANALYZER\build\libraries\SPI\SPI.cpp.o
 .text._ZL22cpu_irq_enter_criticalv
                0x00003064       0x30 C:\Users\Vieil\Documents\GitHub\SEEEDIUNO_XIAO_AUDIO_SPECTRUM_ANALYZER\build\libraries\Adafruit_ZeroDMA\Adafruit_ZeroDMA.cpp.o
 .text._ZL22cpu_irq_leave_criticalv
                0x00003094       0x2c C:\Users\Vieil\Documents\GitHub\SEEEDIUNO_XIAO_AUDIO_SPECTRUM_ANALYZER\build\libraries\Adafruit_ZeroDMA\Adafruit_ZeroDMA.cpp.o
 .text._ZN16Adafruit_ZeroDMAC2Ev
                0x000030c0       0x22 C:\Users\Vieil\Documents\GitHub\SEEEDIUNO_XIAO_AUDIO_SPECTRUM_ANALYZER\build\libraries\Adafruit_ZeroDMA\Adafruit_ZeroDMA.cpp.o
                0x000030c0                Adafruit_ZeroDMA::Adafruit_ZeroDMA()
                0x000030c0                Adafruit_ZeroDMA::Adafruit_ZeroDMA()
 *fill*         0x000030e2        0x2 
 .text._ZN16Adafruit_ZeroDMA11_IRQhandlerEh
                0x000030e4       0x44 C:\Users\Vieil\Documents\GitHub\SEEEDIUNO_XIAO_AUDIO_SPECTRUM_ANALYZER\build\libraries\Adafruit_ZeroDMA\Adafruit_ZeroDMA.cpp.o
                0x000030e4                Adafruit_ZeroDMA::_IRQhandler(unsigned char)
 .text.DMAC_Handler
                0x00003128       0x48 C:\Users\Vieil\Documents\GitHub\SEEEDIUNO_XIAO_AUDIO_SPECTRUM_ANALYZER\build\libraries\Adafruit_ZeroDMA\Adafruit_ZeroDMA.cpp.o
                0x00003128                DMAC_Handler
 .text._ZN5Print5flushEv
                0x00003170        0x2 C:\Users\Vieil\Documents\GitHub\SEEEDIUNO_XIAO_AUDIO_SPECTRUM_ANALYZER\build\libraries\Adafruit_GFX_Library\Adafruit_GFX.cpp.o
                0x00003170                Print::flush()
 .text._ZN12Adafruit_GFX9writeLineEsssst
                0x00003172       0xc6 C:\Users\Vieil\Documents\GitHub\SEEEDIUNO_XIAO_AUDIO_SPECTRUM_ANALYZER\build\libraries\Adafruit_GFX_Library\Adafruit_GFX.cpp.o
                0x00003172                Adafruit_GFX::writeLine(short, short, short, short, unsigned short)
 .text._ZN12Adafruit_GFX10startWriteEv
                0x00003238        0x2 C:\Users\Vieil\Documents\GitHub\SEEEDIUNO_XIAO_AUDIO_SPECTRUM_ANALYZER\build\libraries\Adafruit_GFX_Library\Adafruit_GFX.cpp.o
                0x00003238                Adafruit_GFX::startWrite()
                0x00003238                Adafruit_GFX::endWrite()
 .text._ZN12Adafruit_GFX10writePixelEsst
                0x0000323a        0xa C:\Users\Vieil\Documents\GitHub\SEEEDIUNO_XIAO_AUDIO_SPECTRUM_ANALYZER\build\libraries\Adafruit_GFX_Library\Adafruit_GFX.cpp.o
                0x0000323a                Adafruit_GFX::writePixel(short, short, unsigned short)
 .text._ZN12Adafruit_GFX14writeFastVLineEssst
                0x00003244       0x10 C:\Users\Vieil\Documents\GitHub\SEEEDIUNO_XIAO_AUDIO_SPECTRUM_ANALYZER\build\libraries\Adafruit_GFX_Library\Adafruit_GFX.cpp.o
                0x00003244                Adafruit_GFX::writeFastVLine(short, short, short, unsigned short)
 .text._ZN12Adafruit_GFX14writeFastHLineEssst
                0x00003254       0x10 C:\Users\Vieil\Documents\GitHub\SEEEDIUNO_XIAO_AUDIO_SPECTRUM_ANALYZER\build\libraries\Adafruit_GFX_Library\Adafruit_GFX.cpp.o
                0x00003254                Adafruit_GFX::writeFastHLine(short, short, short, unsigned short)
 .text._ZN12Adafruit_GFX13writeFillRectEsssst
                0x00003264       0x18 C:\Users\Vieil\Documents\GitHub\SEEEDIUNO_XIAO_AUDIO_SPECTRUM_ANALYZER\build\libraries\Adafruit_GFX_Library\Adafruit_GFX.cpp.o
                0x00003264                Adafruit_GFX::writeFillRect(short, short, short, short, unsigned short)
 .text._ZN12Adafruit_GFX13drawFastVLineEssst
                0x0000327c       0x3c C:\Users\Vieil\Documents\GitHub\SEEEDIUNO_XIAO_AUDIO_SPECTRUM_ANALYZER\build\libraries\Adafruit_GFX_Library\Adafruit_GFX.cpp.o
                0x0000327c                Adafruit_GFX::drawFastVLine(short, short, short, unsigned short)
 .text._ZN12Adafruit_GFX13drawFastHLineEssst
                0x000032b8       0x3c C:\Users\Vieil\Documents\GitHub\SEEEDIUNO_XIAO_AUDIO_SPECTRUM_ANALYZER\build\libraries\Adafruit_GFX_Library\Adafruit_GFX.cpp.o
                0x000032b8                Adafruit_GFX::drawFastHLine(short, short, short, unsigned short)
 .text._ZN12Adafruit_GFX8fillRectEsssst
                0x000032f4       0x4c C:\Users\Vieil\Documents\GitHub\SEEEDIUNO_XIAO_AUDIO_SPECTRUM_ANALYZER\build\libraries\Adafruit_GFX_Library\Adafruit_GFX.cpp.o
                0x000032f4                Adafruit_GFX::fillRect(short, short, short, short, unsigned short)
 .text._ZN12Adafruit_GFX10fillScreenEt
                0x00003340       0x1a C:\Users\Vieil\Documents\GitHub\SEEEDIUNO_XIAO_AUDIO_SPECTRUM_ANALYZER\build\libraries\Adafruit_GFX_Library\Adafruit_GFX.cpp.o
                0x00003340                Adafruit_GFX::fillScreen(unsigned short)
 .text._ZN12Adafruit_GFX8drawRectEsssst
                0x0000335a       0x80 C:\Users\Vieil\Documents\GitHub\SEEEDIUNO_XIAO_AUDIO_SPECTRUM_ANALYZER\build\libraries\Adafruit_GFX_Library\Adafruit_GFX.cpp.o
                0x0000335a                Adafruit_GFX::drawRect(short, short, short, short, unsigned short)
 .text._ZN12Adafruit_GFX13invertDisplayEb
                0x000033da        0x2 C:\Users\Vieil\Documents\GitHub\SEEEDIUNO_XIAO_AUDIO_SPECTRUM_ANALYZER\build\libraries\Adafruit_GFX_Library\Adafruit_GFX.cpp.o
                0x000033da                Adafruit_GFX::invertDisplay(bool)
 .text._ZN12Adafruit_GFX8drawLineEsssst
                0x000033dc       0x8a C:\Users\Vieil\Documents\GitHub\SEEEDIUNO_XIAO_AUDIO_SPECTRUM_ANALYZER\build\libraries\Adafruit_GFX_Library\Adafruit_GFX.cpp.o
                0x000033dc                Adafruit_GFX::drawLine(short, short, short, short, unsigned short)
 .text._ZN12Adafruit_GFX11setRotationEh
                0x00003466       0x24 C:\Users\Vieil\Documents\GitHub\SEEEDIUNO_XIAO_AUDIO_SPECTRUM_ANALYZER\build\libraries\Adafruit_GFX_Library\Adafruit_GFX.cpp.o
                0x00003466                Adafruit_GFX::setRotation(unsigned char)
 *fill*         0x0000348a        0x2 
 .text._ZN12Adafruit_GFXC2Ess
                0x0000348c       0x34 C:\Users\Vieil\Documents\GitHub\SEEEDIUNO_XIAO_AUDIO_SPECTRUM_ANALYZER\build\libraries\Adafruit_GFX_Library\Adafruit_GFX.cpp.o
                0x0000348c                Adafruit_GFX::Adafruit_GFX(short, short)
                0x0000348c                Adafruit_GFX::Adafruit_GFX(short, short)
 .text._ZN12Adafruit_GFX8drawCharEsshtthh
                0x000034c0      0x2dc C:\Users\Vieil\Documents\GitHub\SEEEDIUNO_XIAO_AUDIO_SPECTRUM_ANALYZER\build\libraries\Adafruit_GFX_Library\Adafruit_GFX.cpp.o
                0x000034c0                Adafruit_GFX::drawChar(short, short, unsigned char, unsigned short, unsigned short, unsigned char, unsigned char)
 .text._ZN12Adafruit_GFX5writeEh
                0x0000379c      0x100 C:\Users\Vieil\Documents\GitHub\SEEEDIUNO_XIAO_AUDIO_SPECTRUM_ANALYZER\build\libraries\Adafruit_GFX_Library\Adafruit_GFX.cpp.o
                0x0000379c                Adafruit_GFX::write(unsigned char)
 .text._ZN12Adafruit_GFX11setTextSizeEhh
                0x0000389c       0x12 C:\Users\Vieil\Documents\GitHub\SEEEDIUNO_XIAO_AUDIO_SPECTRUM_ANALYZER\build\libraries\Adafruit_GFX_Library\Adafruit_GFX.cpp.o
                0x0000389c                Adafruit_GFX::setTextSize(unsigned char, unsigned char)
 .text._ZN12Adafruit_GFX11setTextSizeEh
                0x000038ae        0xa C:\Users\Vieil\Documents\GitHub\SEEEDIUNO_XIAO_AUDIO_SPECTRUM_ANALYZER\build\libraries\Adafruit_GFX_Library\Adafruit_GFX.cpp.o
                0x000038ae                Adafruit_GFX::setTextSize(unsigned char)
 .text._ZN7TwoWire5writeEPKhj
                0x000038b8       0x24 C:\Users\Vieil\Documents\GitHub\SEEEDIUNO_XIAO_AUDIO_SPECTRUM_ANALYZER\build\libraries\Wire\Wire.cpp.o
                0x000038b8                TwoWire::write(unsigned char const*, unsigned int)
 .text._ZN7TwoWire5flushEv
                0x000038dc        0x2 C:\Users\Vieil\Documents\GitHub\SEEEDIUNO_XIAO_AUDIO_SPECTRUM_ANALYZER\build\libraries\Wire\Wire.cpp.o
                0x000038dc                TwoWire::flush()
 .text._ZN7TwoWire4peekEv
                0x000038de       0x1a C:\Users\Vieil\Documents\GitHub\SEEEDIUNO_XIAO_AUDIO_SPECTRUM_ANALYZER\build\libraries\Wire\Wire.cpp.o
                0x000038de                TwoWire::peek()
 .text._ZN7TwoWire9availableEv
                0x000038f8       0x12 C:\Users\Vieil\Documents\GitHub\SEEEDIUNO_XIAO_AUDIO_SPECTRUM_ANALYZER\build\libraries\Wire\Wire.cpp.o
                0x000038f8                TwoWire::available()
 *fill*         0x0000390a        0x2 
 .text._ZN7TwoWireC2EP6SERCOMhh
                0x0000390c       0x60 C:\Users\Vieil\Documents\GitHub\SEEEDIUNO_XIAO_AUDIO_SPECTRUM_ANALYZER\build\libraries\Wire\Wire.cpp.o
                0x0000390c                TwoWire::TwoWire(SERCOM*, unsigned char, unsigned char)
                0x0000390c                TwoWire::TwoWire(SERCOM*, unsigned char, unsigned char)
 .text._ZN11RingBufferNILi256EE10store_charEh
                0x0000396c       0x1a C:\Users\Vieil\Documents\GitHub\SEEEDIUNO_XIAO_AUDIO_SPECTRUM_ANALYZER\build\libraries\Wire\Wire.cpp.o
                0x0000396c                RingBufferN<256>::store_char(unsigned char)
 .text._ZN7TwoWire5writeEh
                0x00003986       0x2a C:\Users\Vieil\Documents\GitHub\SEEEDIUNO_XIAO_AUDIO_SPECTRUM_ANALYZER\build\libraries\Wire\Wire.cpp.o
                0x00003986                TwoWire::write(unsigned char)
 .text._ZN11RingBufferNILi256EE9read_charEv
                0x000039b0       0x20 C:\Users\Vieil\Documents\GitHub\SEEEDIUNO_XIAO_AUDIO_SPECTRUM_ANALYZER\build\libraries\Wire\Wire.cpp.o
                0x000039b0                RingBufferN<256>::read_char()
 .text._ZN7TwoWire4readEv
                0x000039d0        0xa C:\Users\Vieil\Documents\GitHub\SEEEDIUNO_XIAO_AUDIO_SPECTRUM_ANALYZER\build\libraries\Wire\Wire.cpp.o
                0x000039d0                TwoWire::read()
 .text._ZN7TwoWire9onServiceEv
                0x000039da      0x11c C:\Users\Vieil\Documents\GitHub\SEEEDIUNO_XIAO_AUDIO_SPECTRUM_ANALYZER\build\libraries\Wire\Wire.cpp.o
                0x000039da                TwoWire::onService()
 *fill*         0x00003af6        0x2 
 .text.SERCOM2_Handler
                0x00003af8       0x10 C:\Users\Vieil\Documents\GitHub\SEEEDIUNO_XIAO_AUDIO_SPECTRUM_ANALYZER\build\libraries\Wire\Wire.cpp.o
                0x00003af8                SERCOM2_Handler
 .text.startup._GLOBAL__sub_I__ZN7TwoWireC2EP6SERCOMhh
                0x00003b08       0x18 C:\Users\Vieil\Documents\GitHub\SEEEDIUNO_XIAO_AUDIO_SPECTRUM_ANALYZER\build\libraries\Wire\Wire.cpp.o
 .text._ZN7ILI948810fillScreenEt
                0x00003b20       0x1a C:\Users\Vieil\Documents\GitHub\SEEEDIUNO_XIAO_AUDIO_SPECTRUM_ANALYZER\build\libraries\ILI9488-master\ILI9488.cpp.o
                0x00003b20                ILI9488::fillScreen(unsigned short)
 *fill*         0x00003b3a        0x2 
 .text._ZN7ILI9488C2Eaaa
                0x00003b3c       0x38 C:\Users\Vieil\Documents\GitHub\SEEEDIUNO_XIAO_AUDIO_SPECTRUM_ANALYZER\build\libraries\ILI9488-master\ILI9488.cpp.o
                0x00003b3c                ILI9488::ILI9488(signed char, signed char, signed char)
                0x00003b3c                ILI9488::ILI9488(signed char, signed char, signed char)
 .text._ZN7ILI94888spiwriteEh
                0x00003b74       0x48 C:\Users\Vieil\Documents\GitHub\SEEEDIUNO_XIAO_AUDIO_SPECTRUM_ANALYZER\build\libraries\ILI9488-master\ILI9488.cpp.o
                0x00003b74                ILI9488::spiwrite(unsigned char)
 .text._ZN7ILI948812writecommandEh
                0x00003bbc       0x2a C:\Users\Vieil\Documents\GitHub\SEEEDIUNO_XIAO_AUDIO_SPECTRUM_ANALYZER\build\libraries\ILI9488-master\ILI9488.cpp.o
                0x00003bbc                ILI9488::writecommand(unsigned char)
 *fill*         0x00003be6        0x2 
 .text._ZN7ILI948813invertDisplayEb
                0x00003be8       0x44 C:\Users\Vieil\Documents\GitHub\SEEEDIUNO_XIAO_AUDIO_SPECTRUM_ANALYZER\build\libraries\ILI9488-master\ILI9488.cpp.o
                0x00003be8                ILI9488::invertDisplay(bool)
 .text._ZN7ILI94889writedataEh
                0x00003c2c       0x2a C:\Users\Vieil\Documents\GitHub\SEEEDIUNO_XIAO_AUDIO_SPECTRUM_ANALYZER\build\libraries\ILI9488-master\ILI9488.cpp.o
                0x00003c2c                ILI9488::writedata(unsigned char)
 *fill*         0x00003c56        0x2 
 .text._ZN7ILI948811setRotationEh
                0x00003c58       0x78 C:\Users\Vieil\Documents\GitHub\SEEEDIUNO_XIAO_AUDIO_SPECTRUM_ANALYZER\build\libraries\ILI9488-master\ILI9488.cpp.o
                0x00003c58                ILI9488::setRotation(unsigned char)
 .text._ZN7ILI94885beginEv
                0x00003cd0      0x368 C:\Users\Vieil\Documents\GitHub\SEEEDIUNO_XIAO_AUDIO_SPECTRUM_ANALYZER\build\libraries\ILI9488-master\ILI9488.cpp.o
                0x00003cd0                ILI9488::begin()
 .text._ZN7ILI948813setScrollAreaEtt
                0x00004038       0x8c C:\Users\Vieil\Documents\GitHub\SEEEDIUNO_XIAO_AUDIO_SPECTRUM_ANALYZER\build\libraries\ILI9488-master\ILI9488.cpp.o
                0x00004038                ILI9488::setScrollArea(unsigned short, unsigned short)
 .text._ZN7ILI94886scrollEt
                0x000040c4       0x50 C:\Users\Vieil\Documents\GitHub\SEEEDIUNO_XIAO_AUDIO_SPECTRUM_ANALYZER\build\libraries\ILI9488-master\ILI9488.cpp.o
                0x000040c4                ILI9488::scroll(unsigned short)
 .text._ZN7ILI948813setAddrWindowEtttt
                0x00004114       0x6c C:\Users\Vieil\Documents\GitHub\SEEEDIUNO_XIAO_AUDIO_SPECTRUM_ANALYZER\build\libraries\ILI9488-master\ILI9488.cpp.o
                0x00004114                ILI9488::setAddrWindow(unsigned short, unsigned short, unsigned short, unsigned short)
 .text._ZN7ILI948815write16BitColorEt
                0x00004180       0x4e C:\Users\Vieil\Documents\GitHub\SEEEDIUNO_XIAO_AUDIO_SPECTRUM_ANALYZER\build\libraries\ILI9488-master\ILI9488.cpp.o
                0x00004180                ILI9488::write16BitColor(unsigned short)
 *fill*         0x000041ce        0x2 
 .text._ZN7ILI94889drawPixelEsst
                0x000041d0       0x94 C:\Users\Vieil\Documents\GitHub\SEEEDIUNO_XIAO_AUDIO_SPECTRUM_ANALYZER\build\libraries\ILI9488-master\ILI9488.cpp.o
                0x000041d0                ILI9488::drawPixel(short, short, unsigned short)
 .text._ZN7ILI948813drawFastVLineEssst
                0x00004264       0xa8 C:\Users\Vieil\Documents\GitHub\SEEEDIUNO_XIAO_AUDIO_SPECTRUM_ANALYZER\build\libraries\ILI9488-master\ILI9488.cpp.o
                0x00004264                ILI9488::drawFastVLine(short, short, short, unsigned short)
 .text._ZN7ILI948813drawFastHLineEssst
                0x0000430c       0xa8 C:\Users\Vieil\Documents\GitHub\SEEEDIUNO_XIAO_AUDIO_SPECTRUM_ANALYZER\build\libraries\ILI9488-master\ILI9488.cpp.o
                0x0000430c                ILI9488::drawFastHLine(short, short, short, unsigned short)
 .text._ZN7ILI94888fillRectEsssst
                0x000043b4       0xcc C:\Users\Vieil\Documents\GitHub\SEEEDIUNO_XIAO_AUDIO_SPECTRUM_ANALYZER\build\libraries\ILI9488-master\ILI9488.cpp.o
                0x000043b4                ILI9488::fillRect(short, short, short, short, unsigned short)
 .text.SERCOM4_Handler
                0x00004480       0x10 C:\Users\Vieil\Documents\GitHub\SEEEDIUNO_XIAO_AUDIO_SPECTRUM_ANALYZER\build\core\variant.cpp.o
                0x00004480                SERCOM4_Handler
 .text.startup._GLOBAL__sub_I_g_APinDescription
                0x00004490       0x80 C:\Users\Vieil\Documents\GitHub\SEEEDIUNO_XIAO_AUDIO_SPECTRUM_ANALYZER\build\core\variant.cpp.o
 .text.cos      0x00004510       0x8c c:/users/vieil/appdata/local/arduino15/packages/seeeduino/tools/arm-none-eabi-gcc/7-2017q4/bin/../lib/gcc/arm-none-eabi/7.2.1/../../../../arm-none-eabi/lib/thumb/v6-m\libm.a(lib_a-s_cos.o)
                0x00004510                cos
 .text.sqrt     0x0000459c       0xc0 c:/users/vieil/appdata/local/arduino15/packages/seeeduino/tools/arm-none-eabi-gcc/7-2017q4/bin/../lib/gcc/arm-none-eabi/7.2.1/../../../../arm-none-eabi/lib/thumb/v6-m\libm.a(lib_a-w_sqrt.o)
                0x0000459c                sqrt
 .text.__ieee754_rem_pio2
                0x0000465c      0x420 c:/users/vieil/appdata/local/arduino15/packages/seeeduino/tools/arm-none-eabi-gcc/7-2017q4/bin/../lib/gcc/arm-none-eabi/7.2.1/../../../../arm-none-eabi/lib/thumb/v6-m\libm.a(lib_a-e_rem_pio2.o)
                0x0000465c                __ieee754_rem_pio2
 .text.__ieee754_sqrt
                0x00004a7c      0x1b0 c:/users/vieil/appdata/local/arduino15/packages/seeeduino/tools/arm-none-eabi-gcc/7-2017q4/bin/../lib/gcc/arm-none-eabi/7.2.1/../../../../arm-none-eabi/lib/thumb/v6-m\libm.a(lib_a-e_sqrt.o)
                0x00004a7c                __ieee754_sqrt
 .text.__kernel_cos
                0x00004c2c      0x234 c:/users/vieil/appdata/local/arduino15/packages/seeeduino/tools/arm-none-eabi-gcc/7-2017q4/bin/../lib/gcc/arm-none-eabi/7.2.1/../../../../arm-none-eabi/lib/thumb/v6-m\libm.a(lib_a-k_cos.o)
                0x00004c2c                __kernel_cos
 .text.__kernel_rem_pio2
                0x00004e60      0x8c0 c:/users/vieil/appdata/local/arduino15/packages/seeeduino/tools/arm-none-eabi-gcc/7-2017q4/bin/../lib/gcc/arm-none-eabi/7.2.1/../../../../arm-none-eabi/lib/thumb/v6-m\libm.a(lib_a-k_rem_pio2.o)
                0x00004e60                __kernel_rem_pio2
 .text.__kernel_sin
                0x00005720      0x164 c:/users/vieil/appdata/local/arduino15/packages/seeeduino/tools/arm-none-eabi-gcc/7-2017q4/bin/../lib/gcc/arm-none-eabi/7.2.1/../../../../arm-none-eabi/lib/thumb/v6-m\libm.a(lib_a-k_sin.o)
                0x00005720                __kernel_sin
 .text.fabs     0x00005884        0x8 c:/users/vieil/appdata/local/arduino15/packages/seeeduino/tools/arm-none-eabi-gcc/7-2017q4/bin/../lib/gcc/arm-none-eabi/7.2.1/../../../../arm-none-eabi/lib/thumb/v6-m\libm.a(lib_a-s_fabs.o)
                0x00005884                fabs
 .text.floor    0x0000588c      0x138 c:/users/vieil/appdata/local/arduino15/packages/seeeduino/tools/arm-none-eabi-gcc/7-2017q4/bin/../lib/gcc/arm-none-eabi/7.2.1/../../../../arm-none-eabi/lib/thumb/v6-m\libm.a(lib_a-s_floor.o)
                0x0000588c                floor
 .text.matherr  0x000059c4        0x4 c:/users/vieil/appdata/local/arduino15/packages/seeeduino/tools/arm-none-eabi-gcc/7-2017q4/bin/../lib/gcc/arm-none-eabi/7.2.1/../../../../arm-none-eabi/lib/thumb/v6-m\libm.a(lib_a-s_matherr.o)
                0x000059c4                matherr
 .text.scalbn   0x000059c8       0xd0 c:/users/vieil/appdata/local/arduino15/packages/seeeduino/tools/arm-none-eabi-gcc/7-2017q4/bin/../lib/gcc/arm-none-eabi/7.2.1/../../../../arm-none-eabi/lib/thumb/v6-m\libm.a(lib_a-s_scalbn.o)
                0x000059c8                scalbn
 .text.copysign
                0x00005a98       0x10 c:/users/vieil/appdata/local/arduino15/packages/seeeduino/tools/arm-none-eabi-gcc/7-2017q4/bin/../lib/gcc/arm-none-eabi/7.2.1/../../../../arm-none-eabi/lib/thumb/v6-m\libm.a(lib_a-s_copysign.o)
                0x00005a98                copysign
 .text._ZN5Print5writeEPKhj
                0x00005aa8       0x28 C:\Users\Vieil\Documents\GitHub\SEEEDIUNO_XIAO_AUDIO_SPECTRUM_ANALYZER\build/..\..\..\..\AppData\Local\Temp\arduino\cores\465d55e7143468930a26563b9cbc6484\core.a(Print.cpp.o)
                0x00005aa8                Print::write(unsigned char const*, unsigned int)
 .text._ZN5Print5writeEPKc.part.2
                0x00005ad0       0x1a C:\Users\Vieil\Documents\GitHub\SEEEDIUNO_XIAO_AUDIO_SPECTRUM_ANALYZER\build/..\..\..\..\AppData\Local\Temp\arduino\cores\465d55e7143468930a26563b9cbc6484\core.a(Print.cpp.o)
 .text._ZN5Print5writeEPKc
                0x00005aea       0x10 C:\Users\Vieil\Documents\GitHub\SEEEDIUNO_XIAO_AUDIO_SPECTRUM_ANALYZER\build/..\..\..\..\AppData\Local\Temp\arduino\cores\465d55e7143468930a26563b9cbc6484\core.a(Print.cpp.o)
                0x00005aea                Print::write(char const*)
 .text._ZN5Print5printERK6String
                0x00005afa        0xe C:\Users\Vieil\Documents\GitHub\SEEEDIUNO_XIAO_AUDIO_SPECTRUM_ANALYZER\build/..\..\..\..\AppData\Local\Temp\arduino\cores\465d55e7143468930a26563b9cbc6484\core.a(Print.cpp.o)
                0x00005afa                Print::print(String const&)
 .text._ZN5Print5printEPKc
                0x00005b08        0x8 C:\Users\Vieil\Documents\GitHub\SEEEDIUNO_XIAO_AUDIO_SPECTRUM_ANALYZER\build/..\..\..\..\AppData\Local\Temp\arduino\cores\465d55e7143468930a26563b9cbc6484\core.a(Print.cpp.o)
                0x00005b08                Print::print(char const*)
 .text._ZN5Print5printEc
                0x00005b10        0xa C:\Users\Vieil\Documents\GitHub\SEEEDIUNO_XIAO_AUDIO_SPECTRUM_ANALYZER\build/..\..\..\..\AppData\Local\Temp\arduino\cores\465d55e7143468930a26563b9cbc6484\core.a(Print.cpp.o)
                0x00005b10                Print::print(char)
 *fill*         0x00005b1a        0x2 
 .text._ZN5Print7printlnEv
                0x00005b1c       0x10 C:\Users\Vieil\Documents\GitHub\SEEEDIUNO_XIAO_AUDIO_SPECTRUM_ANALYZER\build/..\..\..\..\AppData\Local\Temp\arduino\cores\465d55e7143468930a26563b9cbc6484\core.a(Print.cpp.o)
                0x00005b1c                Print::println()
 .text._ZN5Print7printlnERK6String
                0x00005b2c       0x14 C:\Users\Vieil\Documents\GitHub\SEEEDIUNO_XIAO_AUDIO_SPECTRUM_ANALYZER\build/..\..\..\..\AppData\Local\Temp\arduino\cores\465d55e7143468930a26563b9cbc6484\core.a(Print.cpp.o)
                0x00005b2c                Print::println(String const&)
 .text._ZN5Print7printlnEPKc
                0x00005b40       0x14 C:\Users\Vieil\Documents\GitHub\SEEEDIUNO_XIAO_AUDIO_SPECTRUM_ANALYZER\build/..\..\..\..\AppData\Local\Temp\arduino\cores\465d55e7143468930a26563b9cbc6484\core.a(Print.cpp.o)
                0x00005b40                Print::println(char const*)
 .text._ZN5Print11printNumberEmh
                0x00005b54       0x48 C:\Users\Vieil\Documents\GitHub\SEEEDIUNO_XIAO_AUDIO_SPECTRUM_ANALYZER\build/..\..\..\..\AppData\Local\Temp\arduino\cores\465d55e7143468930a26563b9cbc6484\core.a(Print.cpp.o)
                0x00005b54                Print::printNumber(unsigned long, unsigned char)
 .text._ZN5Print5printEli
                0x00005b9c       0x3e C:\Users\Vieil\Documents\GitHub\SEEEDIUNO_XIAO_AUDIO_SPECTRUM_ANALYZER\build/..\..\..\..\AppData\Local\Temp\arduino\cores\465d55e7143468930a26563b9cbc6484\core.a(Print.cpp.o)
                0x00005b9c                Print::print(long, int)
 .text._ZN5Print5printEii
                0x00005bda        0x8 C:\Users\Vieil\Documents\GitHub\SEEEDIUNO_XIAO_AUDIO_SPECTRUM_ANALYZER\build/..\..\..\..\AppData\Local\Temp\arduino\cores\465d55e7143468930a26563b9cbc6484\core.a(Print.cpp.o)
                0x00005bda                Print::print(int, int)
 .text._ZN5Print7printlnEii
                0x00005be2       0x14 C:\Users\Vieil\Documents\GitHub\SEEEDIUNO_XIAO_AUDIO_SPECTRUM_ANALYZER\build/..\..\..\..\AppData\Local\Temp\arduino\cores\465d55e7143468930a26563b9cbc6484\core.a(Print.cpp.o)
                0x00005be2                Print::println(int, int)
 .text.__wrap__write
                0x00005bf6        0x4 C:\Users\Vieil\Documents\GitHub\SEEEDIUNO_XIAO_AUDIO_SPECTRUM_ANALYZER\build/..\..\..\..\AppData\Local\Temp\arduino\cores\465d55e7143468930a26563b9cbc6484\core.a(Retarget.cpp.o)
                0x00005bf6                __wrap__write
 .text._ZN6SERCOMC2EP6Sercom
                0x00005bfa        0x4 C:\Users\Vieil\Documents\GitHub\SEEEDIUNO_XIAO_AUDIO_SPECTRUM_ANALYZER\build/..\..\..\..\AppData\Local\Temp\arduino\cores\465d55e7143468930a26563b9cbc6484\core.a(SERCOM.cpp.o)
                0x00005bfa                SERCOM::SERCOM(Sercom*)
                0x00005bfa                SERCOM::SERCOM(Sercom*)
 .text._ZN6SERCOM9initFrameE18SercomUartCharSize15SercomDataOrder16SercomParityMode19SercomNumberStopBit
                0x00005bfe       0x3a C:\Users\Vieil\Documents\GitHub\SEEEDIUNO_XIAO_AUDIO_SPECTRUM_ANALYZER\build/..\..\..\..\AppData\Local\Temp\arduino\cores\465d55e7143468930a26563b9cbc6484\core.a(SERCOM.cpp.o)
                0x00005bfe                SERCOM::initFrame(SercomUartCharSize, SercomDataOrder, SercomParityMode, SercomNumberStopBit)
 .text._ZN6SERCOM8initPadsE15SercomUartTXPad11SercomRXPad
                0x00005c38       0x26 C:\Users\Vieil\Documents\GitHub\SEEEDIUNO_XIAO_AUDIO_SPECTRUM_ANALYZER\build/..\..\..\..\AppData\Local\Temp\arduino\cores\465d55e7143468930a26563b9cbc6484\core.a(SERCOM.cpp.o)
                0x00005c38                SERCOM::initPads(SercomUartTXPad, SercomRXPad)
 .text._ZN6SERCOM9resetUARTEv
                0x00005c5e       0x1a C:\Users\Vieil\Documents\GitHub\SEEEDIUNO_XIAO_AUDIO_SPECTRUM_ANALYZER\build/..\..\..\..\AppData\Local\Temp\arduino\cores\465d55e7143468930a26563b9cbc6484\core.a(SERCOM.cpp.o)
                0x00005c5e                SERCOM::resetUART()
 .text._ZN6SERCOM10enableUARTEv
                0x00005c78       0x14 C:\Users\Vieil\Documents\GitHub\SEEEDIUNO_XIAO_AUDIO_SPECTRUM_ANALYZER\build/..\..\..\..\AppData\Local\Temp\arduino\cores\465d55e7143468930a26563b9cbc6484\core.a(SERCOM.cpp.o)
                0x00005c78                SERCOM::enableUART()
 .text._ZN6SERCOM9flushUARTEv
                0x00005c8c       0x10 C:\Users\Vieil\Documents\GitHub\SEEEDIUNO_XIAO_AUDIO_SPECTRUM_ANALYZER\build/..\..\..\..\AppData\Local\Temp\arduino\cores\465d55e7143468930a26563b9cbc6484\core.a(SERCOM.cpp.o)
                0x00005c8c                SERCOM::flushUART()
 .text._ZN6SERCOM15clearStatusUARTEv
                0x00005c9c        0x8 C:\Users\Vieil\Documents\GitHub\SEEEDIUNO_XIAO_AUDIO_SPECTRUM_ANALYZER\build/..\..\..\..\AppData\Local\Temp\arduino\cores\465d55e7143468930a26563b9cbc6484\core.a(SERCOM.cpp.o)
                0x00005c9c                SERCOM::clearStatusUART()
 .text._ZN6SERCOM17availableDataUARTEv
                0x00005ca4        0xa C:\Users\Vieil\Documents\GitHub\SEEEDIUNO_XIAO_AUDIO_SPECTRUM_ANALYZER\build/..\..\..\..\AppData\Local\Temp\arduino\cores\465d55e7143468930a26563b9cbc6484\core.a(SERCOM.cpp.o)
                0x00005ca4                SERCOM::availableDataUART()
 .text._ZN6SERCOM11isUARTErrorEv
                0x00005cae        0x8 C:\Users\Vieil\Documents\GitHub\SEEEDIUNO_XIAO_AUDIO_SPECTRUM_ANALYZER\build/..\..\..\..\AppData\Local\Temp\arduino\cores\465d55e7143468930a26563b9cbc6484\core.a(SERCOM.cpp.o)
                0x00005cae                SERCOM::isUARTError()
 .text._ZN6SERCOM20acknowledgeUARTErrorEv
                0x00005cb6        0xe C:\Users\Vieil\Documents\GitHub\SEEEDIUNO_XIAO_AUDIO_SPECTRUM_ANALYZER\build/..\..\..\..\AppData\Local\Temp\arduino\cores\465d55e7143468930a26563b9cbc6484\core.a(SERCOM.cpp.o)
                0x00005cb6                SERCOM::acknowledgeUARTError()
 .text._ZN6SERCOM16isFrameErrorUARTEv
                0x00005cc4        0xa C:\Users\Vieil\Documents\GitHub\SEEEDIUNO_XIAO_AUDIO_SPECTRUM_ANALYZER\build/..\..\..\..\AppData\Local\Temp\arduino\cores\465d55e7143468930a26563b9cbc6484\core.a(SERCOM.cpp.o)
                0x00005cc4                SERCOM::isFrameErrorUART()
 .text._ZN6SERCOM19clearFrameErrorUARTEv
                0x00005cce        0xc C:\Users\Vieil\Documents\GitHub\SEEEDIUNO_XIAO_AUDIO_SPECTRUM_ANALYZER\build/..\..\..\..\AppData\Local\Temp\arduino\cores\465d55e7143468930a26563b9cbc6484\core.a(SERCOM.cpp.o)
                0x00005cce                SERCOM::clearFrameErrorUART()
 .text._ZN6SERCOM23isDataRegisterEmptyUARTEv
                0x00005cda        0xa C:\Users\Vieil\Documents\GitHub\SEEEDIUNO_XIAO_AUDIO_SPECTRUM_ANALYZER\build/..\..\..\..\AppData\Local\Temp\arduino\cores\465d55e7143468930a26563b9cbc6484\core.a(SERCOM.cpp.o)
                0x00005cda                SERCOM::isDataRegisterEmptyUART()
 .text._ZN6SERCOM12readDataUARTEv
                0x00005ce4        0x8 C:\Users\Vieil\Documents\GitHub\SEEEDIUNO_XIAO_AUDIO_SPECTRUM_ANALYZER\build/..\..\..\..\AppData\Local\Temp\arduino\cores\465d55e7143468930a26563b9cbc6484\core.a(SERCOM.cpp.o)
                0x00005ce4                SERCOM::readDataUART()
 .text._ZN6SERCOM13writeDataUARTEh
                0x00005cec       0x10 C:\Users\Vieil\Documents\GitHub\SEEEDIUNO_XIAO_AUDIO_SPECTRUM_ANALYZER\build/..\..\..\..\AppData\Local\Temp\arduino\cores\465d55e7143468930a26563b9cbc6484\core.a(SERCOM.cpp.o)
                0x00005cec                SERCOM::writeDataUART(unsigned char)
 .text._ZN6SERCOM36enableDataRegisterEmptyInterruptUARTEv
                0x00005cfc        0x8 C:\Users\Vieil\Documents\GitHub\SEEEDIUNO_XIAO_AUDIO_SPECTRUM_ANALYZER\build/..\..\..\..\AppData\Local\Temp\arduino\cores\465d55e7143468930a26563b9cbc6484\core.a(SERCOM.cpp.o)
                0x00005cfc                SERCOM::enableDataRegisterEmptyInterruptUART()
 .text._ZN6SERCOM37disableDataRegisterEmptyInterruptUARTEv
                0x00005d04        0x8 C:\Users\Vieil\Documents\GitHub\SEEEDIUNO_XIAO_AUDIO_SPECTRUM_ANALYZER\build/..\..\..\..\AppData\Local\Temp\arduino\cores\465d55e7143468930a26563b9cbc6484\core.a(SERCOM.cpp.o)
                0x00005d04                SERCOM::disableDataRegisterEmptyInterruptUART()
 .text._ZN6SERCOM8resetSPIEv
                0x00005d0c       0x1a C:\Users\Vieil\Documents\GitHub\SEEEDIUNO_XIAO_AUDIO_SPECTRUM_ANALYZER\build/..\..\..\..\AppData\Local\Temp\arduino\cores\465d55e7143468930a26563b9cbc6484\core.a(SERCOM.cpp.o)
                0x00005d0c                SERCOM::resetSPI()
 .text._ZN6SERCOM9enableSPIEv
                0x00005d26       0x14 C:\Users\Vieil\Documents\GitHub\SEEEDIUNO_XIAO_AUDIO_SPECTRUM_ANALYZER\build/..\..\..\..\AppData\Local\Temp\arduino\cores\465d55e7143468930a26563b9cbc6484\core.a(SERCOM.cpp.o)
                0x00005d26                SERCOM::enableSPI()
 .text._ZN6SERCOM10disableSPIEv
                0x00005d3a       0x12 C:\Users\Vieil\Documents\GitHub\SEEEDIUNO_XIAO_AUDIO_SPECTRUM_ANALYZER\build/..\..\..\..\AppData\Local\Temp\arduino\cores\465d55e7143468930a26563b9cbc6484\core.a(SERCOM.cpp.o)
                0x00005d3a                SERCOM::disableSPI()
 .text._ZN6SERCOM15transferDataSPIEh
                0x00005d4c       0x1a C:\Users\Vieil\Documents\GitHub\SEEEDIUNO_XIAO_AUDIO_SPECTRUM_ANALYZER\build/..\..\..\..\AppData\Local\Temp\arduino\cores\465d55e7143468930a26563b9cbc6484\core.a(SERCOM.cpp.o)
                0x00005d4c                SERCOM::transferDataSPI(unsigned char)
 *fill*         0x00005d66        0x2 
 .text._ZN6SERCOM28calculateBaudrateSynchronousEm
                0x00005d68       0x1c C:\Users\Vieil\Documents\GitHub\SEEEDIUNO_XIAO_AUDIO_SPECTRUM_ANALYZER\build/..\..\..\..\AppData\Local\Temp\arduino\cores\465d55e7143468930a26563b9cbc6484\core.a(SERCOM.cpp.o)
                0x00005d68                SERCOM::calculateBaudrateSynchronous(unsigned long)
 .text._ZN6SERCOM12initSPIClockE18SercomSpiClockModem
                0x00005d84       0x26 C:\Users\Vieil\Documents\GitHub\SEEEDIUNO_XIAO_AUDIO_SPECTRUM_ANALYZER\build/..\..\..\..\AppData\Local\Temp\arduino\cores\465d55e7143468930a26563b9cbc6484\core.a(SERCOM.cpp.o)
                0x00005d84                SERCOM::initSPIClock(SercomSpiClockMode, unsigned long)
 .text._ZN6SERCOM18prepareNackBitWIREEv
                0x00005daa       0x10 C:\Users\Vieil\Documents\GitHub\SEEEDIUNO_XIAO_AUDIO_SPECTRUM_ANALYZER\build/..\..\..\..\AppData\Local\Temp\arduino\cores\465d55e7143468930a26563b9cbc6484\core.a(SERCOM.cpp.o)
                0x00005daa                SERCOM::prepareNackBitWIRE()
 *fill*         0x00005dba        0x2 
 .text._ZN6SERCOM17prepareAckBitWIREEv
                0x00005dbc       0x14 C:\Users\Vieil\Documents\GitHub\SEEEDIUNO_XIAO_AUDIO_SPECTRUM_ANALYZER\build/..\..\..\..\AppData\Local\Temp\arduino\cores\465d55e7143468930a26563b9cbc6484\core.a(SERCOM.cpp.o)
                0x00005dbc                SERCOM::prepareAckBitWIRE()
 .text._ZN6SERCOM22prepareCommandBitsWireEh
                0x00005dd0       0x2c C:\Users\Vieil\Documents\GitHub\SEEEDIUNO_XIAO_AUDIO_SPECTRUM_ANALYZER\build/..\..\..\..\AppData\Local\Temp\arduino\cores\465d55e7143468930a26563b9cbc6484\core.a(SERCOM.cpp.o)
                0x00005dd0                SERCOM::prepareCommandBitsWire(unsigned char)
 .text._ZN6SERCOM17sendDataSlaveWIREEh
                0x00005dfc       0x1c C:\Users\Vieil\Documents\GitHub\SEEEDIUNO_XIAO_AUDIO_SPECTRUM_ANALYZER\build/..\..\..\..\AppData\Local\Temp\arduino\cores\465d55e7143468930a26563b9cbc6484\core.a(SERCOM.cpp.o)
                0x00005dfc                SERCOM::sendDataSlaveWIRE(unsigned char)
 .text._ZN6SERCOM11isSlaveWIREEv
                0x00005e18       0x12 C:\Users\Vieil\Documents\GitHub\SEEEDIUNO_XIAO_AUDIO_SPECTRUM_ANALYZER\build/..\..\..\..\AppData\Local\Temp\arduino\cores\465d55e7143468930a26563b9cbc6484\core.a(SERCOM.cpp.o)
                0x00005e18                SERCOM::isSlaveWIRE()
 .text._ZN6SERCOM15isDataReadyWIREEv
                0x00005e2a        0xa C:\Users\Vieil\Documents\GitHub\SEEEDIUNO_XIAO_AUDIO_SPECTRUM_ANALYZER\build/..\..\..\..\AppData\Local\Temp\arduino\cores\465d55e7143468930a26563b9cbc6484\core.a(SERCOM.cpp.o)
                0x00005e2a                SERCOM::isDataReadyWIRE()
 .text._ZN6SERCOM18isStopDetectedWIREEv
                0x00005e34        0xa C:\Users\Vieil\Documents\GitHub\SEEEDIUNO_XIAO_AUDIO_SPECTRUM_ANALYZER\build/..\..\..\..\AppData\Local\Temp\arduino\cores\465d55e7143468930a26563b9cbc6484\core.a(SERCOM.cpp.o)
                0x00005e34                SERCOM::isStopDetectedWIRE()
 .text._ZN6SERCOM21isRestartDetectedWIREEv
                0x00005e3e        0xa C:\Users\Vieil\Documents\GitHub\SEEEDIUNO_XIAO_AUDIO_SPECTRUM_ANALYZER\build/..\..\..\..\AppData\Local\Temp\arduino\cores\465d55e7143468930a26563b9cbc6484\core.a(SERCOM.cpp.o)
                0x00005e3e                SERCOM::isRestartDetectedWIRE()
 .text._ZN6SERCOM14isAddressMatchEv
                0x00005e48        0xa C:\Users\Vieil\Documents\GitHub\SEEEDIUNO_XIAO_AUDIO_SPECTRUM_ANALYZER\build/..\..\..\..\AppData\Local\Temp\arduino\cores\465d55e7143468930a26563b9cbc6484\core.a(SERCOM.cpp.o)
                0x00005e48                SERCOM::isAddressMatch()
 .text._ZN6SERCOM25isMasterReadOperationWIREEv
                0x00005e52        0xa C:\Users\Vieil\Documents\GitHub\SEEEDIUNO_XIAO_AUDIO_SPECTRUM_ANALYZER\build/..\..\..\..\AppData\Local\Temp\arduino\cores\465d55e7143468930a26563b9cbc6484\core.a(SERCOM.cpp.o)
                0x00005e52                SERCOM::isMasterReadOperationWIRE()
 .text._ZN6SERCOM12readDataWIREEv
                0x00005e5c       0x1a C:\Users\Vieil\Documents\GitHub\SEEEDIUNO_XIAO_AUDIO_SPECTRUM_ANALYZER\build/..\..\..\..\AppData\Local\Temp\arduino\cores\465d55e7143468930a26563b9cbc6484\core.a(SERCOM.cpp.o)
                0x00005e5c                SERCOM::readDataWIRE()
 *fill*         0x00005e76        0x2 
 .text._ZN6SERCOM14getSercomIndexEv
                0x00005e78       0x5c C:\Users\Vieil\Documents\GitHub\SEEEDIUNO_XIAO_AUDIO_SPECTRUM_ANALYZER\build/..\..\..\..\AppData\Local\Temp\arduino\cores\465d55e7143468930a26563b9cbc6484\core.a(SERCOM.cpp.o)
                0x00005e78                SERCOM::getSercomIndex()
 .text._ZN6SERCOM13initClockNVICEv
                0x00005ed4       0x90 C:\Users\Vieil\Documents\GitHub\SEEEDIUNO_XIAO_AUDIO_SPECTRUM_ANALYZER\build/..\..\..\..\AppData\Local\Temp\arduino\cores\465d55e7143468930a26563b9cbc6484\core.a(SERCOM.cpp.o)
                0x00005ed4                SERCOM::initClockNVIC()
 .text._ZN6SERCOM8initUARTE14SercomUartMode20SercomUartSampleRatem
                0x00005f64       0x6c C:\Users\Vieil\Documents\GitHub\SEEEDIUNO_XIAO_AUDIO_SPECTRUM_ANALYZER\build/..\..\..\..\AppData\Local\Temp\arduino\cores\465d55e7143468930a26563b9cbc6484\core.a(SERCOM.cpp.o)
                0x00005f64                SERCOM::initUART(SercomUartMode, SercomUartSampleRate, unsigned long)
 .text._ZN6SERCOM7initSPIE14SercomSpiTXPad11SercomRXPad17SercomSpiCharSize15SercomDataOrder
                0x00005fd0       0x52 C:\Users\Vieil\Documents\GitHub\SEEEDIUNO_XIAO_AUDIO_SPECTRUM_ANALYZER\build/..\..\..\..\AppData\Local\Temp\arduino\cores\465d55e7143468930a26563b9cbc6484\core.a(SERCOM.cpp.o)
                0x00005fd0                SERCOM::initSPI(SercomSpiTXPad, SercomRXPad, SercomSpiCharSize, SercomDataOrder)
 .text._ZN7Serial_17availableForWriteEv
                0x00006022        0x4 C:\Users\Vieil\Documents\GitHub\SEEEDIUNO_XIAO_AUDIO_SPECTRUM_ANALYZER\build/..\..\..\..\AppData\Local\Temp\arduino\cores\465d55e7143468930a26563b9cbc6484\core.a(CDC.cpp.o)
                0x00006022                Serial_::availableForWrite()
 .text._ZN7Serial_5writeEh
                0x00006026       0x14 C:\Users\Vieil\Documents\GitHub\SEEEDIUNO_XIAO_AUDIO_SPECTRUM_ANALYZER\build/..\..\..\..\AppData\Local\Temp\arduino\cores\465d55e7143468930a26563b9cbc6484\core.a(CDC.cpp.o)
                0x00006026                Serial_::write(unsigned char)
 *fill*         0x0000603a        0x2 
 .text._ZN7Serial_9availableEv
                0x0000603c       0x1c C:\Users\Vieil\Documents\GitHub\SEEEDIUNO_XIAO_AUDIO_SPECTRUM_ANALYZER\build/..\..\..\..\AppData\Local\Temp\arduino\cores\465d55e7143468930a26563b9cbc6484\core.a(CDC.cpp.o)
                0x0000603c                Serial_::available()
 .text._ZN7Serial_5flushEv
                0x00006058        0xc C:\Users\Vieil\Documents\GitHub\SEEEDIUNO_XIAO_AUDIO_SPECTRUM_ANALYZER\build/..\..\..\..\AppData\Local\Temp\arduino\cores\465d55e7143468930a26563b9cbc6484\core.a(CDC.cpp.o)
                0x00006058                Serial_::flush()
 .text._ZN7Serial_5clearEv
                0x00006064        0xc C:\Users\Vieil\Documents\GitHub\SEEEDIUNO_XIAO_AUDIO_SPECTRUM_ANALYZER\build/..\..\..\..\AppData\Local\Temp\arduino\cores\465d55e7143468930a26563b9cbc6484\core.a(CDC.cpp.o)
                0x00006064                Serial_::clear()
 .text._ZN7Serial_4peekEv
                0x00006070       0x1c C:\Users\Vieil\Documents\GitHub\SEEEDIUNO_XIAO_AUDIO_SPECTRUM_ANALYZER\build/..\..\..\..\AppData\Local\Temp\arduino\cores\465d55e7143468930a26563b9cbc6484\core.a(CDC.cpp.o)
                0x00006070                Serial_::peek()
 .text._ZN7Serial_4readEv
                0x0000608c       0x24 C:\Users\Vieil\Documents\GitHub\SEEEDIUNO_XIAO_AUDIO_SPECTRUM_ANALYZER\build/..\..\..\..\AppData\Local\Temp\arduino\cores\465d55e7143468930a26563b9cbc6484\core.a(CDC.cpp.o)
                0x0000608c                Serial_::read()
 .text._ZN7Serial_5writeEPKhj
                0x000060b0       0x30 C:\Users\Vieil\Documents\GitHub\SEEEDIUNO_XIAO_AUDIO_SPECTRUM_ANALYZER\build/..\..\..\..\AppData\Local\Temp\arduino\cores\465d55e7143468930a26563b9cbc6484\core.a(CDC.cpp.o)
                0x000060b0                Serial_::write(unsigned char const*, unsigned int)
 .text._Z16CDC_GetInterfacePh
                0x000060e0       0x1c C:\Users\Vieil\Documents\GitHub\SEEEDIUNO_XIAO_AUDIO_SPECTRUM_ANALYZER\build/..\..\..\..\AppData\Local\Temp\arduino\cores\465d55e7143468930a26563b9cbc6484\core.a(CDC.cpp.o)
                0x000060e0                CDC_GetInterface(unsigned char*)
 .text._Z9CDC_SetupR8USBSetup
                0x000060fc       0x7c C:\Users\Vieil\Documents\GitHub\SEEEDIUNO_XIAO_AUDIO_SPECTRUM_ANALYZER\build/..\..\..\..\AppData\Local\Temp\arduino\cores\465d55e7143468930a26563b9cbc6484\core.a(CDC.cpp.o)
                0x000060fc                CDC_Setup(USBSetup&)
 .text._ZN7Serial_5beginEm
                0x00006178        0x6 C:\Users\Vieil\Documents\GitHub\SEEEDIUNO_XIAO_AUDIO_SPECTRUM_ANALYZER\build/..\..\..\..\AppData\Local\Temp\arduino\cores\465d55e7143468930a26563b9cbc6484\core.a(CDC.cpp.o)
                0x00006178                Serial_::begin(unsigned long)
 *fill*         0x0000617e        0x2 
 .text.startup._GLOBAL__sub_I__Z17_CDC_GetInterfacev
                0x00006180       0x28 C:\Users\Vieil\Documents\GitHub\SEEEDIUNO_XIAO_AUDIO_SPECTRUM_ANALYZER\build/..\..\..\..\AppData\Local\Temp\arduino\cores\465d55e7143468930a26563b9cbc6484\core.a(CDC.cpp.o)
 .text._ZN26DoubleBufferedEPOutHandlerD2Ev
                0x000061a8        0x2 C:\Users\Vieil\Documents\GitHub\SEEEDIUNO_XIAO_AUDIO_SPECTRUM_ANALYZER\build/..\..\..\..\AppData\Local\Temp\arduino\cores\465d55e7143468930a26563b9cbc6484\core.a(USBCore.cpp.o)
                0x000061a8                DoubleBufferedEPOutHandler::~DoubleBufferedEPOutHandler()
                0x000061a8                DoubleBufferedEPOutHandler::~DoubleBufferedEPOutHandler()
 .text._ZN26DoubleBufferedEPOutHandler4initEv
                0x000061aa        0x2 C:\Users\Vieil\Documents\GitHub\SEEEDIUNO_XIAO_AUDIO_SPECTRUM_ANALYZER\build/..\..\..\..\AppData\Local\Temp\arduino\cores\465d55e7143468930a26563b9cbc6484\core.a(USBCore.cpp.o)
                0x000061aa                DoubleBufferedEPOutHandler::init()
 .text._ZL5utox8mPc
                0x000061ac       0x24 C:\Users\Vieil\Documents\GitHub\SEEEDIUNO_XIAO_AUDIO_SPECTRUM_ANALYZER\build/..\..\..\..\AppData\Local\Temp\arduino\cores\465d55e7143468930a26563b9cbc6484\core.a(USBCore.cpp.o)
 .text._ZN26DoubleBufferedEPOutHandlerD0Ev
                0x000061d0       0x10 C:\Users\Vieil\Documents\GitHub\SEEEDIUNO_XIAO_AUDIO_SPECTRUM_ANALYZER\build/..\..\..\..\AppData\Local\Temp\arduino\cores\465d55e7143468930a26563b9cbc6484\core.a(USBCore.cpp.o)
                0x000061d0                DoubleBufferedEPOutHandler::~DoubleBufferedEPOutHandler()
 .text._ZN14USBDeviceClass6initEPEmm.part.8
                0x000061e0       0xe0 C:\Users\Vieil\Documents\GitHub\SEEEDIUNO_XIAO_AUDIO_SPECTRUM_ANALYZER\build/..\..\..\..\AppData\Local\Temp\arduino\cores\465d55e7143468930a26563b9cbc6484\core.a(USBCore.cpp.o)
 .text._ZN7__GuardC2Ev
                0x000062c0        0xe C:\Users\Vieil\Documents\GitHub\SEEEDIUNO_XIAO_AUDIO_SPECTRUM_ANALYZER\build/..\..\..\..\AppData\Local\Temp\arduino\cores\465d55e7143468930a26563b9cbc6484\core.a(USBCore.cpp.o)
                0x000062c0                __Guard::__Guard()
                0x000062c0                __Guard::__Guard()
 .text._ZN7__GuardD2Ev
                0x000062ce        0xe C:\Users\Vieil\Documents\GitHub\SEEEDIUNO_XIAO_AUDIO_SPECTRUM_ANALYZER\build/..\..\..\..\AppData\Local\Temp\arduino\cores\465d55e7143468930a26563b9cbc6484\core.a(USBCore.cpp.o)
                0x000062ce                __Guard::~__Guard()
                0x000062ce                __Guard::~__Guard()
 .text._ZNK26DoubleBufferedEPOutHandler10_availableEv
                0x000062dc       0x6a C:\Users\Vieil\Documents\GitHub\SEEEDIUNO_XIAO_AUDIO_SPECTRUM_ANALYZER\build/..\..\..\..\AppData\Local\Temp\arduino\cores\465d55e7143468930a26563b9cbc6484\core.a(USBCore.cpp.o)
                0x000062dc                DoubleBufferedEPOutHandler::_available() const
 *fill*         0x00006346        0x2 
 .text._ZN26DoubleBufferedEPOutHandler7releaseEv
                0x00006348       0x3c C:\Users\Vieil\Documents\GitHub\SEEEDIUNO_XIAO_AUDIO_SPECTRUM_ANALYZER\build/..\..\..\..\AppData\Local\Temp\arduino\cores\465d55e7143468930a26563b9cbc6484\core.a(USBCore.cpp.o)
                0x00006348                DoubleBufferedEPOutHandler::release()
 .text._ZN26DoubleBufferedEPOutHandler14handleEndpointEv
                0x00006384       0xdc C:\Users\Vieil\Documents\GitHub\SEEEDIUNO_XIAO_AUDIO_SPECTRUM_ANALYZER\build/..\..\..\..\AppData\Local\Temp\arduino\cores\465d55e7143468930a26563b9cbc6484\core.a(USBCore.cpp.o)
                0x00006384                DoubleBufferedEPOutHandler::handleEndpoint()
 .text._ZN26DoubleBufferedEPOutHandler5_recvEv
                0x00006460      0x184 C:\Users\Vieil\Documents\GitHub\SEEEDIUNO_XIAO_AUDIO_SPECTRUM_ANALYZER\build/..\..\..\..\AppData\Local\Temp\arduino\cores\465d55e7143468930a26563b9cbc6484\core.a(USBCore.cpp.o)
                0x00006460                DoubleBufferedEPOutHandler::_recv()
 .text._ZN26DoubleBufferedEPOutHandler4peekEv
                0x000065e4       0x22 C:\Users\Vieil\Documents\GitHub\SEEEDIUNO_XIAO_AUDIO_SPECTRUM_ANALYZER\build/..\..\..\..\AppData\Local\Temp\arduino\cores\465d55e7143468930a26563b9cbc6484\core.a(USBCore.cpp.o)
                0x000065e4                DoubleBufferedEPOutHandler::peek()
 .text._ZN26DoubleBufferedEPOutHandler9availableEv
                0x00006606       0x18 C:\Users\Vieil\Documents\GitHub\SEEEDIUNO_XIAO_AUDIO_SPECTRUM_ANALYZER\build/..\..\..\..\AppData\Local\Temp\arduino\cores\465d55e7143468930a26563b9cbc6484\core.a(USBCore.cpp.o)
                0x00006606                DoubleBufferedEPOutHandler::available()
 .text._ZN26DoubleBufferedEPOutHandler4recvEPvm
                0x0000661e       0x72 C:\Users\Vieil\Documents\GitHub\SEEEDIUNO_XIAO_AUDIO_SPECTRUM_ANALYZER\build/..\..\..\..\AppData\Local\Temp\arduino\cores\465d55e7143468930a26563b9cbc6484\core.a(USBCore.cpp.o)
                0x0000661e                DoubleBufferedEPOutHandler::recv(void*, unsigned long)
 .text._ZN14USBDeviceClass14SendInterfacesEPm
                0x00006690       0x2c C:\Users\Vieil\Documents\GitHub\SEEEDIUNO_XIAO_AUDIO_SPECTRUM_ANALYZER\build/..\..\..\..\AppData\Local\Temp\arduino\cores\465d55e7143468930a26563b9cbc6484\core.a(USBCore.cpp.o)
                0x00006690                USBDeviceClass::SendInterfaces(unsigned long*)
 .text._ZN14USBDeviceClass14handleEndpointEh
                0x000066bc       0x48 C:\Users\Vieil\Documents\GitHub\SEEEDIUNO_XIAO_AUDIO_SPECTRUM_ANALYZER\build/..\..\..\..\AppData\Local\Temp\arduino\cores\465d55e7143468930a26563b9cbc6484\core.a(USBCore.cpp.o)
                0x000066bc                USBDeviceClass::handleEndpoint(unsigned char)
 .text._ZN14USBDeviceClass4initEv
                0x00006704      0x110 C:\Users\Vieil\Documents\GitHub\SEEEDIUNO_XIAO_AUDIO_SPECTRUM_ANALYZER\build/..\..\..\..\AppData\Local\Temp\arduino\cores\465d55e7143468930a26563b9cbc6484\core.a(USBCore.cpp.o)
                0x00006704                USBDeviceClass::init()
 .text._ZN14USBDeviceClass6attachEv
                0x00006814       0x34 C:\Users\Vieil\Documents\GitHub\SEEEDIUNO_XIAO_AUDIO_SPECTRUM_ANALYZER\build/..\..\..\..\AppData\Local\Temp\arduino\cores\465d55e7143468930a26563b9cbc6484\core.a(USBCore.cpp.o)
                0x00006814                USBDeviceClass::attach()
 .text._ZN14USBDeviceClass10setAddressEm
                0x00006848       0x48 C:\Users\Vieil\Documents\GitHub\SEEEDIUNO_XIAO_AUDIO_SPECTRUM_ANALYZER\build/..\..\..\..\AppData\Local\Temp\arduino\cores\465d55e7143468930a26563b9cbc6484\core.a(USBCore.cpp.o)
                0x00006848                USBDeviceClass::setAddress(unsigned long)
 .text._ZN14USBDeviceClass25handleClassInterfaceSetupER8USBSetup
                0x00006890       0x44 C:\Users\Vieil\Documents\GitHub\SEEEDIUNO_XIAO_AUDIO_SPECTRUM_ANALYZER\build/..\..\..\..\AppData\Local\Temp\arduino\cores\465d55e7143468930a26563b9cbc6484\core.a(USBCore.cpp.o)
                0x00006890                USBDeviceClass::handleClassInterfaceSetup(USBSetup&)
 .text._ZN14USBDeviceClass6initEPEmm
                0x000068d4      0x12c C:\Users\Vieil\Documents\GitHub\SEEEDIUNO_XIAO_AUDIO_SPECTRUM_ANALYZER\build/..\..\..\..\AppData\Local\Temp\arduino\cores\465d55e7143468930a26563b9cbc6484\core.a(USBCore.cpp.o)
                0x000068d4                USBDeviceClass::initEP(unsigned long, unsigned long)
 .text._ZN14USBDeviceClass13initEndpointsEv
                0x00006a00       0x24 C:\Users\Vieil\Documents\GitHub\SEEEDIUNO_XIAO_AUDIO_SPECTRUM_ANALYZER\build/..\..\..\..\AppData\Local\Temp\arduino\cores\465d55e7143468930a26563b9cbc6484\core.a(USBCore.cpp.o)
                0x00006a00                USBDeviceClass::initEndpoints()
 .text._ZN14USBDeviceClass5clearEm
                0x00006a24       0x38 C:\Users\Vieil\Documents\GitHub\SEEEDIUNO_XIAO_AUDIO_SPECTRUM_ANALYZER\build/..\..\..\..\AppData\Local\Temp\arduino\cores\465d55e7143468930a26563b9cbc6484\core.a(USBCore.cpp.o)
                0x00006a24                USBDeviceClass::clear(unsigned long)
 .text._ZN14USBDeviceClass9availableEm
                0x00006a5c       0x2c C:\Users\Vieil\Documents\GitHub\SEEEDIUNO_XIAO_AUDIO_SPECTRUM_ANALYZER\build/..\..\..\..\AppData\Local\Temp\arduino\cores\465d55e7143468930a26563b9cbc6484\core.a(USBCore.cpp.o)
                0x00006a5c                USBDeviceClass::available(unsigned long)
 .text._ZN14USBDeviceClass5flushEm
                0x00006a88       0x2c C:\Users\Vieil\Documents\GitHub\SEEEDIUNO_XIAO_AUDIO_SPECTRUM_ANALYZER\build/..\..\..\..\AppData\Local\Temp\arduino\cores\465d55e7143468930a26563b9cbc6484\core.a(USBCore.cpp.o)
                0x00006a88                USBDeviceClass::flush(unsigned long)
 .text._ZN14USBDeviceClass14armRecvCtrlOUTEm
                0x00006ab4       0x5c C:\Users\Vieil\Documents\GitHub\SEEEDIUNO_XIAO_AUDIO_SPECTRUM_ANALYZER\build/..\..\..\..\AppData\Local\Temp\arduino\cores\465d55e7143468930a26563b9cbc6484\core.a(USBCore.cpp.o)
                0x00006ab4                USBDeviceClass::armRecvCtrlOUT(unsigned long)
 .text._ZN14USBDeviceClass11recvControlEPvm
                0x00006b10       0x3c C:\Users\Vieil\Documents\GitHub\SEEEDIUNO_XIAO_AUDIO_SPECTRUM_ANALYZER\build/..\..\..\..\AppData\Local\Temp\arduino\cores\465d55e7143468930a26563b9cbc6484\core.a(USBCore.cpp.o)
                0x00006b10                USBDeviceClass::recvControl(void*, unsigned long)
 .text._ZN14USBDeviceClass7armRecvEm
                0x00006b4c       0x38 C:\Users\Vieil\Documents\GitHub\SEEEDIUNO_XIAO_AUDIO_SPECTRUM_ANALYZER\build/..\..\..\..\AppData\Local\Temp\arduino\cores\465d55e7143468930a26563b9cbc6484\core.a(USBCore.cpp.o)
                0x00006b4c                USBDeviceClass::armRecv(unsigned long)
 .text._ZN14USBDeviceClass4recvEmPvm
                0x00006b84       0xd8 C:\Users\Vieil\Documents\GitHub\SEEEDIUNO_XIAO_AUDIO_SPECTRUM_ANALYZER\build/..\..\..\..\AppData\Local\Temp\arduino\cores\465d55e7143468930a26563b9cbc6484\core.a(USBCore.cpp.o)
                0x00006b84                USBDeviceClass::recv(unsigned long, void*, unsigned long)
 .text._ZN14USBDeviceClass4recvEm
                0x00006c5c       0x1c C:\Users\Vieil\Documents\GitHub\SEEEDIUNO_XIAO_AUDIO_SPECTRUM_ANALYZER\build/..\..\..\..\AppData\Local\Temp\arduino\cores\465d55e7143468930a26563b9cbc6484\core.a(USBCore.cpp.o)
                0x00006c5c                USBDeviceClass::recv(unsigned long)
 .text._ZN14USBDeviceClass4sendEmPKvm
                0x00006c78      0x110 C:\Users\Vieil\Documents\GitHub\SEEEDIUNO_XIAO_AUDIO_SPECTRUM_ANALYZER\build/..\..\..\..\AppData\Local\Temp\arduino\cores\465d55e7143468930a26563b9cbc6484\core.a(USBCore.cpp.o)
                0x00006c78                USBDeviceClass::send(unsigned long, void const*, unsigned long)
 .text._ZN14USBDeviceClass7armSendEmPKvm
                0x00006d88       0x48 C:\Users\Vieil\Documents\GitHub\SEEEDIUNO_XIAO_AUDIO_SPECTRUM_ANALYZER\build/..\..\..\..\AppData\Local\Temp\arduino\cores\465d55e7143468930a26563b9cbc6484\core.a(USBCore.cpp.o)
                0x00006d88                USBDeviceClass::armSend(unsigned long, void const*, unsigned long)
 .text._ZN14USBDeviceClass11sendControlEPKvm
                0x00006dd0       0x54 C:\Users\Vieil\Documents\GitHub\SEEEDIUNO_XIAO_AUDIO_SPECTRUM_ANALYZER\build/..\..\..\..\AppData\Local\Temp\arduino\cores\465d55e7143468930a26563b9cbc6484\core.a(USBCore.cpp.o)
                0x00006dd0                USBDeviceClass::sendControl(void const*, unsigned long)
 .text._ZN14USBDeviceClass20sendStringDescriptorEPKhh
                0x00006e24       0x68 C:\Users\Vieil\Documents\GitHub\SEEEDIUNO_XIAO_AUDIO_SPECTRUM_ANALYZER\build/..\..\..\..\AppData\Local\Temp\arduino\cores\465d55e7143468930a26563b9cbc6484\core.a(USBCore.cpp.o)
                0x00006e24                USBDeviceClass::sendStringDescriptor(unsigned char const*, unsigned char)
 .text._ZN14USBDeviceClass17sendConfigurationEm
                0x00006e8c       0x80 C:\Users\Vieil\Documents\GitHub\SEEEDIUNO_XIAO_AUDIO_SPECTRUM_ANALYZER\build/..\..\..\..\AppData\Local\Temp\arduino\cores\465d55e7143468930a26563b9cbc6484\core.a(USBCore.cpp.o)
                0x00006e8c                USBDeviceClass::sendConfiguration(unsigned long)
 .text._ZN14USBDeviceClass14sendDescriptorER8USBSetup
                0x00006f0c       0xf0 C:\Users\Vieil\Documents\GitHub\SEEEDIUNO_XIAO_AUDIO_SPECTRUM_ANALYZER\build/..\..\..\..\AppData\Local\Temp\arduino\cores\465d55e7143468930a26563b9cbc6484\core.a(USBCore.cpp.o)
                0x00006f0c                USBDeviceClass::sendDescriptor(USBSetup&)
 .text._ZN14USBDeviceClass19handleStandardSetupER8USBSetup
                0x00006ffc      0x104 C:\Users\Vieil\Documents\GitHub\SEEEDIUNO_XIAO_AUDIO_SPECTRUM_ANALYZER\build/..\..\..\..\AppData\Local\Temp\arduino\cores\465d55e7143468930a26563b9cbc6484\core.a(USBCore.cpp.o)
                0x00006ffc                USBDeviceClass::handleStandardSetup(USBSetup&)
 .text._ZN14USBDeviceClass10ISRHandlerEv
                0x00007100      0x140 C:\Users\Vieil\Documents\GitHub\SEEEDIUNO_XIAO_AUDIO_SPECTRUM_ANALYZER\build/..\..\..\..\AppData\Local\Temp\arduino\cores\465d55e7143468930a26563b9cbc6484\core.a(USBCore.cpp.o)
                0x00007100                USBDeviceClass::ISRHandler()
 .text.UDD_Handler
                0x00007240       0x10 C:\Users\Vieil\Documents\GitHub\SEEEDIUNO_XIAO_AUDIO_SPECTRUM_ANALYZER\build/..\..\..\..\AppData\Local\Temp\arduino\cores\465d55e7143468930a26563b9cbc6484\core.a(USBCore.cpp.o)
                0x00007240                UDD_Handler
 .text.startup._GLOBAL__sub_I_usbd
                0x00007250       0x10 C:\Users\Vieil\Documents\GitHub\SEEEDIUNO_XIAO_AUDIO_SPECTRUM_ANALYZER\build/..\..\..\..\AppData\Local\Temp\arduino\cores\465d55e7143468930a26563b9cbc6484\core.a(USBCore.cpp.o)
 .text._ZN4UartcvbEv
                0x00007260        0x4 C:\Users\Vieil\Documents\GitHub\SEEEDIUNO_XIAO_AUDIO_SPECTRUM_ANALYZER\build/..\..\..\..\AppData\Local\Temp\arduino\cores\465d55e7143468930a26563b9cbc6484\core.a(Uart.cpp.o)
                0x00007260                Uart::operator bool()
 .text._ZN4Uart5beginEm
                0x00007264       0x10 C:\Users\Vieil\Documents\GitHub\SEEEDIUNO_XIAO_AUDIO_SPECTRUM_ANALYZER\build/..\..\..\..\AppData\Local\Temp\arduino\cores\465d55e7143468930a26563b9cbc6484\core.a(Uart.cpp.o)
                0x00007264                Uart::begin(unsigned long)
 .text._ZN4Uart4peekEv
                0x00007274       0x1a C:\Users\Vieil\Documents\GitHub\SEEEDIUNO_XIAO_AUDIO_SPECTRUM_ANALYZER\build/..\..\..\..\AppData\Local\Temp\arduino\cores\465d55e7143468930a26563b9cbc6484\core.a(Uart.cpp.o)
                0x00007274                Uart::peek()
 .text._ZN4Uart3endEv
                0x0000728e       0x20 C:\Users\Vieil\Documents\GitHub\SEEEDIUNO_XIAO_AUDIO_SPECTRUM_ANALYZER\build/..\..\..\..\AppData\Local\Temp\arduino\cores\465d55e7143468930a26563b9cbc6484\core.a(Uart.cpp.o)
                0x0000728e                Uart::end()
 .text._ZN4Uart16extractNbStopBitEt
                0x000072ae        0xc C:\Users\Vieil\Documents\GitHub\SEEEDIUNO_XIAO_AUDIO_SPECTRUM_ANALYZER\build/..\..\..\..\AppData\Local\Temp\arduino\cores\465d55e7143468930a26563b9cbc6484\core.a(Uart.cpp.o)
                0x000072ae                Uart::extractNbStopBit(unsigned short)
 .text._ZN4Uart15extractCharSizeEt
                0x000072ba       0x28 C:\Users\Vieil\Documents\GitHub\SEEEDIUNO_XIAO_AUDIO_SPECTRUM_ANALYZER\build/..\..\..\..\AppData\Local\Temp\arduino\cores\465d55e7143468930a26563b9cbc6484\core.a(Uart.cpp.o)
                0x000072ba                Uart::extractCharSize(unsigned short)
 .text._ZN4Uart13extractParityEt
                0x000072e2       0x14 C:\Users\Vieil\Documents\GitHub\SEEEDIUNO_XIAO_AUDIO_SPECTRUM_ANALYZER\build/..\..\..\..\AppData\Local\Temp\arduino\cores\465d55e7143468930a26563b9cbc6484\core.a(Uart.cpp.o)
                0x000072e2                Uart::extractParity(unsigned short)
 *fill*         0x000072f6        0x2 
 .text._ZN4Uart5beginEmt
                0x000072f8       0xf8 C:\Users\Vieil\Documents\GitHub\SEEEDIUNO_XIAO_AUDIO_SPECTRUM_ANALYZER\build/..\..\..\..\AppData\Local\Temp\arduino\cores\465d55e7143468930a26563b9cbc6484\core.a(Uart.cpp.o)
                0x000072f8                Uart::begin(unsigned long, unsigned short)
 .text._ZN11RingBufferNILi256EEC2Ev
                0x000073f0       0x1c C:\Users\Vieil\Documents\GitHub\SEEEDIUNO_XIAO_AUDIO_SPECTRUM_ANALYZER\build/..\..\..\..\AppData\Local\Temp\arduino\cores\465d55e7143468930a26563b9cbc6484\core.a(Uart.cpp.o)
                0x000073f0                RingBufferN<256>::RingBufferN()
                0x000073f0                RingBufferN<256>::RingBufferN()
 .text._ZN4UartC2EP6SERCOMhh11SercomRXPad15SercomUartTXPad
                0x0000740c       0x74 C:\Users\Vieil\Documents\GitHub\SEEEDIUNO_XIAO_AUDIO_SPECTRUM_ANALYZER\build/..\..\..\..\AppData\Local\Temp\arduino\cores\465d55e7143468930a26563b9cbc6484\core.a(Uart.cpp.o)
                0x0000740c                Uart::Uart(SERCOM*, unsigned char, unsigned char, SercomRXPad, SercomUartTXPad)
                0x0000740c                Uart::Uart(SERCOM*, unsigned char, unsigned char, SercomRXPad, SercomUartTXPad)
 .text._ZN11RingBufferNILi256EE17availableForStoreEv
                0x00007480       0x20 C:\Users\Vieil\Documents\GitHub\SEEEDIUNO_XIAO_AUDIO_SPECTRUM_ANALYZER\build/..\..\..\..\AppData\Local\Temp\arduino\cores\465d55e7143468930a26563b9cbc6484\core.a(Uart.cpp.o)
                0x00007480                RingBufferN<256>::availableForStore()
 .text._ZN4Uart17availableForWriteEv
                0x000074a0        0xc C:\Users\Vieil\Documents\GitHub\SEEEDIUNO_XIAO_AUDIO_SPECTRUM_ANALYZER\build/..\..\..\..\AppData\Local\Temp\arduino\cores\465d55e7143468930a26563b9cbc6484\core.a(Uart.cpp.o)
                0x000074a0                Uart::availableForWrite()
 .text._ZN4Uart4readEv
                0x000074ac       0x4c C:\Users\Vieil\Documents\GitHub\SEEEDIUNO_XIAO_AUDIO_SPECTRUM_ANALYZER\build/..\..\..\..\AppData\Local\Temp\arduino\cores\465d55e7143468930a26563b9cbc6484\core.a(Uart.cpp.o)
                0x000074ac                Uart::read()
 .text._ZN11RingBufferNILi256EE9availableEv
                0x000074f8       0x12 C:\Users\Vieil\Documents\GitHub\SEEEDIUNO_XIAO_AUDIO_SPECTRUM_ANALYZER\build/..\..\..\..\AppData\Local\Temp\arduino\cores\465d55e7143468930a26563b9cbc6484\core.a(Uart.cpp.o)
                0x000074f8                RingBufferN<256>::available()
 .text._ZN4Uart5flushEv
                0x0000750a       0x1a C:\Users\Vieil\Documents\GitHub\SEEEDIUNO_XIAO_AUDIO_SPECTRUM_ANALYZER\build/..\..\..\..\AppData\Local\Temp\arduino\cores\465d55e7143468930a26563b9cbc6484\core.a(Uart.cpp.o)
                0x0000750a                Uart::flush()
 .text._ZN4Uart9availableEv
                0x00007524        0xa C:\Users\Vieil\Documents\GitHub\SEEEDIUNO_XIAO_AUDIO_SPECTRUM_ANALYZER\build/..\..\..\..\AppData\Local\Temp\arduino\cores\465d55e7143468930a26563b9cbc6484\core.a(Uart.cpp.o)
                0x00007524                Uart::available()
 .text._ZN4Uart10IrqHandlerEv
                0x0000752e       0xcc C:\Users\Vieil\Documents\GitHub\SEEEDIUNO_XIAO_AUDIO_SPECTRUM_ANALYZER\build/..\..\..\..\AppData\Local\Temp\arduino\cores\465d55e7143468930a26563b9cbc6484\core.a(Uart.cpp.o)
                0x0000752e                Uart::IrqHandler()
 *fill*         0x000075fa        0x2 
 .text._ZN4Uart5writeEh
                0x000075fc       0xb4 C:\Users\Vieil\Documents\GitHub\SEEEDIUNO_XIAO_AUDIO_SPECTRUM_ANALYZER\build/..\..\..\..\AppData\Local\Temp\arduino\cores\465d55e7143468930a26563b9cbc6484\core.a(Uart.cpp.o)
                0x000075fc                Uart::write(unsigned char)
 .text.EIC_Handler
                0x000076b0       0x38 C:\Users\Vieil\Documents\GitHub\SEEEDIUNO_XIAO_AUDIO_SPECTRUM_ANALYZER\build/..\..\..\..\AppData\Local\Temp\arduino\cores\465d55e7143468930a26563b9cbc6484\core.a(WInterrupts.c.o)
                0x000076b0                EIC_Handler
 .text.NMI_Handler
                0x000076e8       0x20 C:\Users\Vieil\Documents\GitHub\SEEEDIUNO_XIAO_AUDIO_SPECTRUM_ANALYZER\build/..\..\..\..\AppData\Local\Temp\arduino\cores\465d55e7143468930a26563b9cbc6484\core.a(WInterrupts.c.o)
                0x000076e8                NMI_Handler
 .text._ZN6StringD2Ev
                0x00007708        0xe C:\Users\Vieil\Documents\GitHub\SEEEDIUNO_XIAO_AUDIO_SPECTRUM_ANALYZER\build/..\..\..\..\AppData\Local\Temp\arduino\cores\465d55e7143468930a26563b9cbc6484\core.a(WString.cpp.o)
                0x00007708                String::~String()
                0x00007708                String::~String()
 .text._ZN6String10invalidateEv
                0x00007716       0x18 C:\Users\Vieil\Documents\GitHub\SEEEDIUNO_XIAO_AUDIO_SPECTRUM_ANALYZER\build/..\..\..\..\AppData\Local\Temp\arduino\cores\465d55e7143468930a26563b9cbc6484\core.a(WString.cpp.o)
                0x00007716                String::invalidate()
 .text._ZN6String12changeBufferEj
                0x0000772e       0x18 C:\Users\Vieil\Documents\GitHub\SEEEDIUNO_XIAO_AUDIO_SPECTRUM_ANALYZER\build/..\..\..\..\AppData\Local\Temp\arduino\cores\465d55e7143468930a26563b9cbc6484\core.a(WString.cpp.o)
                0x0000772e                String::changeBuffer(unsigned int)
 .text._ZN6String7reserveEj
                0x00007746       0x2a C:\Users\Vieil\Documents\GitHub\SEEEDIUNO_XIAO_AUDIO_SPECTRUM_ANALYZER\build/..\..\..\..\AppData\Local\Temp\arduino\cores\465d55e7143468930a26563b9cbc6484\core.a(WString.cpp.o)
                0x00007746                String::reserve(unsigned int)
 .text._ZN6String4copyEPKcj
                0x00007770       0x28 C:\Users\Vieil\Documents\GitHub\SEEEDIUNO_XIAO_AUDIO_SPECTRUM_ANALYZER\build/..\..\..\..\AppData\Local\Temp\arduino\cores\465d55e7143468930a26563b9cbc6484\core.a(WString.cpp.o)
                0x00007770                String::copy(char const*, unsigned int)
 .text._ZN6StringC2EPKc
                0x00007798       0x26 C:\Users\Vieil\Documents\GitHub\SEEEDIUNO_XIAO_AUDIO_SPECTRUM_ANALYZER\build/..\..\..\..\AppData\Local\Temp\arduino\cores\465d55e7143468930a26563b9cbc6484\core.a(WString.cpp.o)
                0x00007798                String::String(char const*)
                0x00007798                String::String(char const*)
 .text.__cxa_pure_virtual
                0x000077be        0x2 C:\Users\Vieil\Documents\GitHub\SEEEDIUNO_XIAO_AUDIO_SPECTRUM_ANALYZER\build/..\..\..\..\AppData\Local\Temp\arduino\cores\465d55e7143468930a26563b9cbc6484\core.a(abi.cpp.o)
                0x000077be                __cxa_pure_virtual
 .text.Dummy_Handler
                0x000077c0        0x2 C:\Users\Vieil\Documents\GitHub\SEEEDIUNO_XIAO_AUDIO_SPECTRUM_ANALYZER\build/..\..\..\..\AppData\Local\Temp\arduino\cores\465d55e7143468930a26563b9cbc6484\core.a(cortex_handlers.c.o)
                0x000077c0                HardFault_Handler
                0x000077c0                AC_Handler
                0x000077c0                PendSV_Handler
                0x000077c0                TC7_Handler
                0x000077c0                SERCOM1_Handler
                0x000077c0                ADC_Handler
                0x000077c0                TCC1_Handler
                0x000077c0                TCC0_Handler
                0x000077c0                RTC_Handler
                0x000077c0                TC6_Handler
                0x000077c0                WDT_Handler
                0x000077c0                TC4_Handler
                0x000077c0                TC3_Handler
                0x000077c0                Dummy_Handler
                0x000077c0                PM_Handler
                0x000077c0                SERCOM5_Handler
                0x000077c0                SVC_Handler
                0x000077c0                TCC2_Handler
                0x000077c0                EVSYS_Handler
                0x000077c0                SERCOM3_Handler
                0x000077c0                I2S_Handler
                0x000077c0                NVMCTRL_Handler
                0x000077c0                SERCOM0_Handler
                0x000077c0                DAC_Handler
                0x000077c0                PTC_Handler
                0x000077c0                SYSCTRL_Handler
 *fill*         0x000077c2        0x2 
 .text.USB_Handler
                0x000077c4       0x14 C:\Users\Vieil\Documents\GitHub\SEEEDIUNO_XIAO_AUDIO_SPECTRUM_ANALYZER\build/..\..\..\..\AppData\Local\Temp\arduino\cores\465d55e7143468930a26563b9cbc6484\core.a(cortex_handlers.c.o)
                0x000077c4                USB_Handler
 .text.Reset_Handler
                0x000077d8       0x54 C:\Users\Vieil\Documents\GitHub\SEEEDIUNO_XIAO_AUDIO_SPECTRUM_ANALYZER\build/..\..\..\..\AppData\Local\Temp\arduino\cores\465d55e7143468930a26563b9cbc6484\core.a(cortex_handlers.c.o)
                0x000077d8                Reset_Handler
 .text.SysTick_Handler
                0x0000782c       0x10 C:\Users\Vieil\Documents\GitHub\SEEEDIUNO_XIAO_AUDIO_SPECTRUM_ANALYZER\build/..\..\..\..\AppData\Local\Temp\arduino\cores\465d55e7143468930a26563b9cbc6484\core.a(cortex_handlers.c.o)
                0x0000782c                SysTick_Handler
 .text.USB_SetHandler
                0x0000783c        0xc C:\Users\Vieil\Documents\GitHub\SEEEDIUNO_XIAO_AUDIO_SPECTRUM_ANALYZER\build/..\..\..\..\AppData\Local\Temp\arduino\cores\465d55e7143468930a26563b9cbc6484\core.a(cortex_handlers.c.o)
                0x0000783c                USB_SetHandler
 .text.micros   0x00007848       0x60 C:\Users\Vieil\Documents\GitHub\SEEEDIUNO_XIAO_AUDIO_SPECTRUM_ANALYZER\build/..\..\..\..\AppData\Local\Temp\arduino\cores\465d55e7143468930a26563b9cbc6484\core.a(delay.c.o)
                0x00007848                micros
 .text._real_delay
                0x000078a8       0x30 C:\Users\Vieil\Documents\GitHub\SEEEDIUNO_XIAO_AUDIO_SPECTRUM_ANALYZER\build/..\..\..\..\AppData\Local\Temp\arduino\cores\465d55e7143468930a26563b9cbc6484\core.a(delay.c.o)
                0x000078a8                _real_delay
                0x000078a8                delay
 .text.SysTick_DefaultHandler
                0x000078d8       0x14 C:\Users\Vieil\Documents\GitHub\SEEEDIUNO_XIAO_AUDIO_SPECTRUM_ANALYZER\build/..\..\..\..\AppData\Local\Temp\arduino\cores\465d55e7143468930a26563b9cbc6484\core.a(delay.c.o)
                0x000078d8                SysTick_DefaultHandler
 .text.__empty  0x000078ec        0x2 C:\Users\Vieil\Documents\GitHub\SEEEDIUNO_XIAO_AUDIO_SPECTRUM_ANALYZER\build/..\..\..\..\AppData\Local\Temp\arduino\cores\465d55e7143468930a26563b9cbc6484\core.a(hooks.c.o)
                0x000078ec                yield
 .text.__false  0x000078ee        0x4 C:\Users\Vieil\Documents\GitHub\SEEEDIUNO_XIAO_AUDIO_SPECTRUM_ANALYZER\build/..\..\..\..\AppData\Local\Temp\arduino\cores\465d55e7143468930a26563b9cbc6484\core.a(hooks.c.o)
                0x000078ee                sysTickHook
 .text._Z11initVariantv
                0x000078f2        0x2 C:\Users\Vieil\Documents\GitHub\SEEEDIUNO_XIAO_AUDIO_SPECTRUM_ANALYZER\build/..\..\..\..\AppData\Local\Temp\arduino\cores\465d55e7143468930a26563b9cbc6484\core.a(main.cpp.o)
                0x000078f2                initVariant()
 .text._Z10_real_bodyv
                0x000078f4       0x20 C:\Users\Vieil\Documents\GitHub\SEEEDIUNO_XIAO_AUDIO_SPECTRUM_ANALYZER\build/..\..\..\..\AppData\Local\Temp\arduino\cores\465d55e7143468930a26563b9cbc6484\core.a(main.cpp.o)
                0x000078f4                _real_body()
 .text._Z10_wrap_bodyv
                0x00007914        0x6 C:\Users\Vieil\Documents\GitHub\SEEEDIUNO_XIAO_AUDIO_SPECTRUM_ANALYZER\build/..\..\..\..\AppData\Local\Temp\arduino\cores\465d55e7143468930a26563b9cbc6484\core.a(main.cpp.o)
                0x00007914                _wrap_body()
 *fill*         0x0000791a        0x2 
 .text.startup.main
                0x0000791c       0x30 C:\Users\Vieil\Documents\GitHub\SEEEDIUNO_XIAO_AUDIO_SPECTRUM_ANALYZER\build/..\..\..\..\AppData\Local\Temp\arduino\cores\465d55e7143468930a26563b9cbc6484\core.a(main.cpp.o)
                0x0000791c                main
 .text._Znwj    0x0000794c        0x8 C:\Users\Vieil\Documents\GitHub\SEEEDIUNO_XIAO_AUDIO_SPECTRUM_ANALYZER\build/..\..\..\..\AppData\Local\Temp\arduino\cores\465d55e7143468930a26563b9cbc6484\core.a(new.cpp.o)
                0x0000794c                operator new(unsigned int)
 .text._ZdlPv   0x00007954        0x8 C:\Users\Vieil\Documents\GitHub\SEEEDIUNO_XIAO_AUDIO_SPECTRUM_ANALYZER\build/..\..\..\..\AppData\Local\Temp\arduino\cores\465d55e7143468930a26563b9cbc6484\core.a(new.cpp.o)
                0x00007954                operator delete(void*)
 .text._sbrk    0x0000795c       0x3c C:\Users\Vieil\Documents\GitHub\SEEEDIUNO_XIAO_AUDIO_SPECTRUM_ANALYZER\build/..\..\..\..\AppData\Local\Temp\arduino\cores\465d55e7143468930a26563b9cbc6484\core.a(new.cpp.o)
                0x0000795c                _sbrk
 .text.SystemInit
                0x00007998      0x160 C:\Users\Vieil\Documents\GitHub\SEEEDIUNO_XIAO_AUDIO_SPECTRUM_ANALYZER\build/..\..\..\..\AppData\Local\Temp\arduino\cores\465d55e7143468930a26563b9cbc6484\core.a(startup.c.o)
                0x00007998                SystemInit
 .text.init     0x00007af8       0xe0 C:\Users\Vieil\Documents\GitHub\SEEEDIUNO_XIAO_AUDIO_SPECTRUM_ANALYZER\build/..\..\..\..\AppData\Local\Temp\arduino\cores\465d55e7143468930a26563b9cbc6484\core.a(wiring.c.o)
                0x00007af8                init
 .text.analogReference
                0x00007bd8       0x88 C:\Users\Vieil\Documents\GitHub\SEEEDIUNO_XIAO_AUDIO_SPECTRUM_ANALYZER\build/..\..\..\..\AppData\Local\Temp\arduino\cores\465d55e7143468930a26563b9cbc6484\core.a(wiring_analog.c.o)
                0x00007bd8                analogReference
 .text.analogRead
                0x00007c60       0xc4 C:\Users\Vieil\Documents\GitHub\SEEEDIUNO_XIAO_AUDIO_SPECTRUM_ANALYZER\build/..\..\..\..\AppData\Local\Temp\arduino\cores\465d55e7143468930a26563b9cbc6484\core.a(wiring_analog.c.o)
                0x00007c60                analogRead
 .text.pinMode  0x00007d24       0x60 C:\Users\Vieil\Documents\GitHub\SEEEDIUNO_XIAO_AUDIO_SPECTRUM_ANALYZER\build/..\..\..\..\AppData\Local\Temp\arduino\cores\465d55e7143468930a26563b9cbc6484\core.a(wiring_digital.c.o)
                0x00007d24                pinMode
 .text.digitalWrite
                0x00007d84       0x58 C:\Users\Vieil\Documents\GitHub\SEEEDIUNO_XIAO_AUDIO_SPECTRUM_ANALYZER\build/..\..\..\..\AppData\Local\Temp\arduino\cores\465d55e7143468930a26563b9cbc6484\core.a(wiring_digital.c.o)
                0x00007d84                digitalWrite
 .text.mapResolution
                0x00007ddc       0x12 C:\Users\Vieil\Documents\GitHub\SEEEDIUNO_XIAO_AUDIO_SPECTRUM_ANALYZER\build/..\..\..\..\AppData\Local\Temp\arduino\cores\465d55e7143468930a26563b9cbc6484\core.a(wiring_private.c.o)
                0x00007ddc                mapResolution
 *fill*         0x00007dee        0x2 
 .text.pinPeripheral
                0x00007df0       0xc4 C:\Users\Vieil\Documents\GitHub\SEEEDIUNO_XIAO_AUDIO_SPECTRUM_ANALYZER\build/..\..\..\..\AppData\Local\Temp\arduino\cores\465d55e7143468930a26563b9cbc6484\core.a(wiring_private.c.o)
                0x00007df0                pinPeripheral
 .text.initiateReset
                0x00007eb4        0xc C:\Users\Vieil\Documents\GitHub\SEEEDIUNO_XIAO_AUDIO_SPECTRUM_ANALYZER\build/..\..\..\..\AppData\Local\Temp\arduino\cores\465d55e7143468930a26563b9cbc6484\core.a(Reset.cpp.o)
                0x00007eb4                initiateReset
 .text.cancelReset
                0x00007ec0       0x10 C:\Users\Vieil\Documents\GitHub\SEEEDIUNO_XIAO_AUDIO_SPECTRUM_ANALYZER\build/..\..\..\..\AppData\Local\Temp\arduino\cores\465d55e7143468930a26563b9cbc6484\core.a(Reset.cpp.o)
                0x00007ec0                cancelReset
 .text.tickReset
                0x00007ed0       0x78 C:\Users\Vieil\Documents\GitHub\SEEEDIUNO_XIAO_AUDIO_SPECTRUM_ANALYZER\build/..\..\..\..\AppData\Local\Temp\arduino\cores\465d55e7143468930a26563b9cbc6484\core.a(Reset.cpp.o)
                0x00007ed0                tickReset
 .text._ZN13PluggableUSB_12getInterfaceEPh
                0x00007f48       0x28 C:\Users\Vieil\Documents\GitHub\SEEEDIUNO_XIAO_AUDIO_SPECTRUM_ANALYZER\build/..\..\..\..\AppData\Local\Temp\arduino\cores\465d55e7143468930a26563b9cbc6484\core.a(PluggableUSB.cpp.o)
                0x00007f48                PluggableUSB_::getInterface(unsigned char*)
 .text._ZN13PluggableUSB_13getDescriptorER8USBSetup
                0x00007f70       0x20 C:\Users\Vieil\Documents\GitHub\SEEEDIUNO_XIAO_AUDIO_SPECTRUM_ANALYZER\build/..\..\..\..\AppData\Local\Temp\arduino\cores\465d55e7143468930a26563b9cbc6484\core.a(PluggableUSB.cpp.o)
                0x00007f70                PluggableUSB_::getDescriptor(USBSetup&)
 .text._ZN13PluggableUSB_5setupER8USBSetup
                0x00007f90       0x20 C:\Users\Vieil\Documents\GitHub\SEEEDIUNO_XIAO_AUDIO_SPECTRUM_ANALYZER\build/..\..\..\..\AppData\Local\Temp\arduino\cores\465d55e7143468930a26563b9cbc6484\core.a(PluggableUSB.cpp.o)
                0x00007f90                PluggableUSB_::setup(USBSetup&)
 .text._ZN13PluggableUSB_14handleEndpointEi
                0x00007fb0       0x20 C:\Users\Vieil\Documents\GitHub\SEEEDIUNO_XIAO_AUDIO_SPECTRUM_ANALYZER\build/..\..\..\..\AppData\Local\Temp\arduino\cores\465d55e7143468930a26563b9cbc6484\core.a(PluggableUSB.cpp.o)
                0x00007fb0                PluggableUSB_::handleEndpoint(int)
 .text._Z12PluggableUSBv
                0x00007fd0       0x24 C:\Users\Vieil\Documents\GitHub\SEEEDIUNO_XIAO_AUDIO_SPECTRUM_ANALYZER\build/..\..\..\..\AppData\Local\Temp\arduino\cores\465d55e7143468930a26563b9cbc6484\core.a(PluggableUSB.cpp.o)
                0x00007fd0                PluggableUSB()
 .text._ZN20USBDevice_SAMD21G18x5resetEv
                0x00007ff4       0x2e C:\Users\Vieil\Documents\GitHub\SEEEDIUNO_XIAO_AUDIO_SPECTRUM_ANALYZER\build/..\..\..\..\AppData\Local\Temp\arduino\cores\465d55e7143468930a26563b9cbc6484\core.a(SAMD21_USBDevice.cpp.o)
                0x00007ff4                USBDevice_SAMD21G18x::reset()
 *fill*         0x00008022        0x2 
 .text._ZN20USBDevice_SAMD21G18x9calibrateEv
                0x00008024       0x60 C:\Users\Vieil\Documents\GitHub\SEEEDIUNO_XIAO_AUDIO_SPECTRUM_ANALYZER\build/..\..\..\..\AppData\Local\Temp\arduino\cores\465d55e7143468930a26563b9cbc6484\core.a(SAMD21_USBDevice.cpp.o)
                0x00008024                USBDevice_SAMD21G18x::calibrate()
 .text.__aeabi_atexit
                0x00008084        0xe c:/users/vieil/appdata/local/arduino15/packages/seeeduino/tools/arm-none-eabi-gcc/7-2017q4/bin/../lib/gcc/arm-none-eabi/7.2.1/../../../../arm-none-eabi/lib/thumb/v6-m\libstdc++_nano.a(atexit_arm.o)
                0x00008084                __aeabi_atexit
 .text._ZdlPvj  0x00008092        0x8 c:/users/vieil/appdata/local/arduino15/packages/seeeduino/tools/arm-none-eabi-gcc/7-2017q4/bin/../lib/gcc/arm-none-eabi/7.2.1/../../../../arm-none-eabi/lib/thumb/v6-m\libstdc++_nano.a(del_ops.o)
                0x00008092                operator delete(void*, unsigned int)
 *fill*         0x0000809a        0x2 
 .text          0x0000809c       0x14 c:/users/vieil/appdata/local/arduino15/packages/seeeduino/tools/arm-none-eabi-gcc/7-2017q4/bin/../lib/gcc/arm-none-eabi/7.2.1/thumb/v6-m\libgcc.a(_thumb1_case_uqi.o)
                0x0000809c                __gnu_thumb1_case_uqi
 .text          0x000080b0       0x14 c:/users/vieil/appdata/local/arduino15/packages/seeeduino/tools/arm-none-eabi-gcc/7-2017q4/bin/../lib/gcc/arm-none-eabi/7.2.1/thumb/v6-m\libgcc.a(_thumb1_case_uhi.o)
                0x000080b0                __gnu_thumb1_case_uhi
 .text          0x000080c4      0x114 c:/users/vieil/appdata/local/arduino15/packages/seeeduino/tools/arm-none-eabi-gcc/7-2017q4/bin/../lib/gcc/arm-none-eabi/7.2.1/thumb/v6-m\libgcc.a(_udivsi3.o)
                0x000080c4                __aeabi_uidiv
                0x000080c4                __udivsi3
                0x000081d0                __aeabi_uidivmod
 .text          0x000081d8      0x1d4 c:/users/vieil/appdata/local/arduino15/packages/seeeduino/tools/arm-none-eabi-gcc/7-2017q4/bin/../lib/gcc/arm-none-eabi/7.2.1/thumb/v6-m\libgcc.a(_divsi3.o)
                0x000081d8                __divsi3
                0x000081d8                __aeabi_idiv
                0x000083a4                __aeabi_idivmod
 .text          0x000083ac        0x4 c:/users/vieil/appdata/local/arduino15/packages/seeeduino/tools/arm-none-eabi-gcc/7-2017q4/bin/../lib/gcc/arm-none-eabi/7.2.1/thumb/v6-m\libgcc.a(_dvmd_tls.o)
                0x000083ac                __aeabi_idiv0
                0x000083ac                __aeabi_ldiv0
 .text          0x000083b0       0x7c c:/users/vieil/appdata/local/arduino15/packages/seeeduino/tools/arm-none-eabi-gcc/7-2017q4/bin/../lib/gcc/arm-none-eabi/7.2.1/thumb/v6-m\libgcc.a(_arm_cmpdf2.o)
                0x000083b0                __aeabi_cdrcmple
                0x000083c0                __aeabi_cdcmple
                0x000083c0                __aeabi_cdcmpeq
                0x000083d0                __aeabi_dcmpeq
                0x000083dc                __aeabi_dcmplt
                0x000083f0                __aeabi_dcmple
                0x00008404                __aeabi_dcmpgt
                0x00008418                __aeabi_dcmpge
 .text          0x0000842c       0x3c c:/users/vieil/appdata/local/arduino15/packages/seeeduino/tools/arm-none-eabi-gcc/7-2017q4/bin/../lib/gcc/arm-none-eabi/7.2.1/thumb/v6-m\libgcc.a(_fixunsdfsi.o)
                0x0000842c                __aeabi_d2uiz
                0x0000842c                __fixunsdfsi
 .text          0x00008468      0x638 c:/users/vieil/appdata/local/arduino15/packages/seeeduino/tools/arm-none-eabi-gcc/7-2017q4/bin/../lib/gcc/arm-none-eabi/7.2.1/thumb/v6-m\libgcc.a(adddf3.o)
                0x00008468                __aeabi_dadd
 .text          0x00008aa0      0x604 c:/users/vieil/appdata/local/arduino15/packages/seeeduino/tools/arm-none-eabi-gcc/7-2017q4/bin/../lib/gcc/arm-none-eabi/7.2.1/thumb/v6-m\libgcc.a(divdf3.o)
                0x00008aa0                __aeabi_ddiv
 .text          0x000090a4       0x78 c:/users/vieil/appdata/local/arduino15/packages/seeeduino/tools/arm-none-eabi-gcc/7-2017q4/bin/../lib/gcc/arm-none-eabi/7.2.1/thumb/v6-m\libgcc.a(eqdf2.o)
                0x000090a4                __nedf2
                0x000090a4                __eqdf2
 .text          0x0000911c       0xc8 c:/users/vieil/appdata/local/arduino15/packages/seeeduino/tools/arm-none-eabi-gcc/7-2017q4/bin/../lib/gcc/arm-none-eabi/7.2.1/thumb/v6-m\libgcc.a(gedf2.o)
                0x0000911c                __gedf2
                0x0000911c                __gtdf2
 .text          0x000091e4       0xd0 c:/users/vieil/appdata/local/arduino15/packages/seeeduino/tools/arm-none-eabi-gcc/7-2017q4/bin/../lib/gcc/arm-none-eabi/7.2.1/thumb/v6-m\libgcc.a(ledf2.o)
                0x000091e4                __ledf2
                0x000091e4                __ltdf2
 .text          0x000092b4      0x4e4 c:/users/vieil/appdata/local/arduino15/packages/seeeduino/tools/arm-none-eabi-gcc/7-2017q4/bin/../lib/gcc/arm-none-eabi/7.2.1/thumb/v6-m\libgcc.a(muldf3.o)
                0x000092b4                __aeabi_dmul
 .text          0x00009798      0x690 c:/users/vieil/appdata/local/arduino15/packages/seeeduino/tools/arm-none-eabi-gcc/7-2017q4/bin/../lib/gcc/arm-none-eabi/7.2.1/thumb/v6-m\libgcc.a(subdf3.o)
                0x00009798                __aeabi_dsub
 .text          0x00009e28       0x38 c:/users/vieil/appdata/local/arduino15/packages/seeeduino/tools/arm-none-eabi-gcc/7-2017q4/bin/../lib/gcc/arm-none-eabi/7.2.1/thumb/v6-m\libgcc.a(unorddf2.o)
                0x00009e28                __aeabi_dcmpun
 .text          0x00009e60       0x6c c:/users/vieil/appdata/local/arduino15/packages/seeeduino/tools/arm-none-eabi-gcc/7-2017q4/bin/../lib/gcc/arm-none-eabi/7.2.1/thumb/v6-m\libgcc.a(fixdfsi.o)
                0x00009e60                __aeabi_d2iz
 .text          0x00009ecc       0x74 c:/users/vieil/appdata/local/arduino15/packages/seeeduino/tools/arm-none-eabi-gcc/7-2017q4/bin/../lib/gcc/arm-none-eabi/7.2.1/thumb/v6-m\libgcc.a(floatsidf.o)
                0x00009ecc                __aeabi_i2d
 .text          0x00009f40       0x64 c:/users/vieil/appdata/local/arduino15/packages/seeeduino/tools/arm-none-eabi-gcc/7-2017q4/bin/../lib/gcc/arm-none-eabi/7.2.1/thumb/v6-m\libgcc.a(floatunsidf.o)
                0x00009f40                __aeabi_ui2d
 .text          0x00009fa4      0x108 c:/users/vieil/appdata/local/arduino15/packages/seeeduino/tools/arm-none-eabi-gcc/7-2017q4/bin/../lib/gcc/arm-none-eabi/7.2.1/thumb/v6-m\libgcc.a(truncdfsf2.o)
                0x00009fa4                __aeabi_d2f
 .text          0x0000a0ac       0x3c c:/users/vieil/appdata/local/arduino15/packages/seeeduino/tools/arm-none-eabi-gcc/7-2017q4/bin/../lib/gcc/arm-none-eabi/7.2.1/thumb/v6-m\libgcc.a(_clzsi2.o)
                0x0000a0ac                __clzsi2
 .text.__assert_func
                0x0000a0e8       0x3c c:/users/vieil/appdata/local/arduino15/packages/seeeduino/tools/arm-none-eabi-gcc/7-2017q4/bin/../lib/gcc/arm-none-eabi/7.2.1/../../../../arm-none-eabi/lib/thumb/v6-m\libc_nano.a(lib_a-assert.o)
                0x0000a0e8                __assert_func
 .text.__cxa_atexit
                0x0000a124       0x1c c:/users/vieil/appdata/local/arduino15/packages/seeeduino/tools/arm-none-eabi-gcc/7-2017q4/bin/../lib/gcc/arm-none-eabi/7.2.1/../../../../arm-none-eabi/lib/thumb/v6-m\libc_nano.a(lib_a-cxa_atexit.o)
                0x0000a124                __cxa_atexit
 .text.__errno  0x0000a140        0xc c:/users/vieil/appdata/local/arduino15/packages/seeeduino/tools/arm-none-eabi-gcc/7-2017q4/bin/../lib/gcc/arm-none-eabi/7.2.1/../../../../arm-none-eabi/lib/thumb/v6-m\libc_nano.a(lib_a-errno.o)
                0x0000a140                __errno
 .text.fprintf  0x0000a14c       0x20 c:/users/vieil/appdata/local/arduino15/packages/seeeduino/tools/arm-none-eabi-gcc/7-2017q4/bin/../lib/gcc/arm-none-eabi/7.2.1/../../../../arm-none-eabi/lib/thumb/v6-m\libc_nano.a(lib_a-fprintf.o)
                0x0000a14c                fiprintf
                0x0000a14c                fprintf
 .text.__libc_init_array
                0x0000a16c       0x48 c:/users/vieil/appdata/local/arduino15/packages/seeeduino/tools/arm-none-eabi-gcc/7-2017q4/bin/../lib/gcc/arm-none-eabi/7.2.1/../../../../arm-none-eabi/lib/thumb/v6-m\libc_nano.a(lib_a-init.o)
                0x0000a16c                __libc_init_array
 .text.__locale_ctype_ptr_l
                0x0000a1b4        0x6 c:/users/vieil/appdata/local/arduino15/packages/seeeduino/tools/arm-none-eabi-gcc/7-2017q4/bin/../lib/gcc/arm-none-eabi/7.2.1/../../../../arm-none-eabi/lib/thumb/v6-m\libc_nano.a(lib_a-locale.o)
                0x0000a1b4                __locale_ctype_ptr_l
 *fill*         0x0000a1ba        0x2 
 .text.malloc   0x0000a1bc       0x14 c:/users/vieil/appdata/local/arduino15/packages/seeeduino/tools/arm-none-eabi-gcc/7-2017q4/bin/../lib/gcc/arm-none-eabi/7.2.1/../../../../arm-none-eabi/lib/thumb/v6-m\libc_nano.a(lib_a-malloc.o)
                0x0000a1bc                malloc
 .text.free     0x0000a1d0       0x14 c:/users/vieil/appdata/local/arduino15/packages/seeeduino/tools/arm-none-eabi-gcc/7-2017q4/bin/../lib/gcc/arm-none-eabi/7.2.1/../../../../arm-none-eabi/lib/thumb/v6-m\libc_nano.a(lib_a-malloc.o)
                0x0000a1d0                free
 .text.__ascii_mbtowc